Component: ARM Compiler 5.05 update 1 (build 106) Tool: armlink [4d0efa]

==============================================================================

Section Cross References

    main.o(.text) refers to wdg.o(.text) for IWDG_Feed
    main.o(.text) refers to printf8.o(i.__0printf$8) for __2printf
    main.o(.text) refers to delay.o(.text) for delay_ms
    main.o(.text) refers to strstr.o(.text) for strstr
    main.o(.text) refers to usart.o(.text) for usart1_sendstr
    main.o(.text) refers to strlen.o(.text) for strlen
    main.o(.text) refers to memcpya.o(.text) for __aeabi_memcpy
    main.o(.text) refers to bc20.o(.text) for printf_CPIN
    main.o(.text) refers to sccom.o(i.SCOM_RecieveAT) for SCOM_RecieveAT
    main.o(.text) refers to mqtt_fun.o(.text) for Mqtt_SendGPSdata
    main.o(.text) refers to dht11.o(.text) for DHT11_Read_Data
    main.o(.text) refers to oled.o(.text) for OLED_ShowChinese
    main.o(.text) refers to usart.o(.data) for RxCounter
    main.o(.text) refers to usart.o(.bss) for RxBuffer
    main.o(.text) refers to main.o(.data) for strx
    main.o(.text) refers to main.o(.bss) for BC20init
    main.o(.text) refers to dht11.o(.data) for DHT11_DATA
    main.o(.text) refers to led.o(.text) for LED_Init
    main.o(.text) refers to exti.o(.text) for EXTI_Config
    main.o(.text) refers to sccom.o(i.SCOM_Init) for SCOM_Init
    main.o(.text) refers to sccom.o(i.SCOM_SetTable) for SCOM_SetTable
    main.o(.text) refers to timer.o(.text) for TIM3_Int_Init
    main.o(.text) refers to memseta.o(.text) for __aeabi_memclr
    main.o(.text) refers to callback.o(.text) for COM_Get_Callback
    main.o(.text) refers to main.o(.constdata) for ATCMD_Table
    main.o(.text) refers to exti.o(.data) for EXTIstatus
    main.o(.text) refers to callback.o(.bss) for station
    main.o(.data) refers to main.o(.conststring) for .conststring
    system_stm32f10x.o(.text) refers to stm32f10x_rcc.o(.text) for RCC_DeInit
    system_stm32f10x.o(.text) refers to stm32f10x_flash.o(.text) for FLASH_PrefetchBufferCmd
    system_stm32f10x.o(.text) refers to system_stm32f10x.o(.data) for SystemCoreClock
    callback.o(.text) refers to usart.o(.text) for USART2_RecieveData
    callback.o(.text) refers to strstr.o(.text) for strstr
    callback.o(.text) refers to strtok.o(.text) for strtok
    callback.o(.text) refers to strcat.o(.text) for strcat
    callback.o(.text) refers to memseta.o(.text) for __aeabi_memclr
    callback.o(.text) refers to oled.o(.text) for OLED_Clear
    callback.o(.text) refers to strcpy.o(.text) for strcpy
    callback.o(.text) refers to memcpya.o(.text) for __aeabi_memcpy
    callback.o(.text) refers to bc20.o(.text) for Getdata_Change
    callback.o(.text) refers to callback.o(.data) for delims
    callback.o(.text) refers to callback.o(.bss) for station
    callback.o(.text) refers to main.o(.bss) for BC20init
    callback.o(.data) refers to callback.o(.conststring) for .conststring
    stm32f10x_adc.o(.text) refers to stm32f10x_rcc.o(.text) for RCC_APB2PeriphResetCmd
    stm32f10x_bkp.o(.text) refers to stm32f10x_rcc.o(.text) for RCC_BackupResetCmd
    stm32f10x_can.o(.text) refers to stm32f10x_rcc.o(.text) for RCC_APB1PeriphResetCmd
    stm32f10x_cec.o(.text) refers to stm32f10x_rcc.o(.text) for RCC_APB1PeriphResetCmd
    stm32f10x_dac.o(.text) refers to stm32f10x_rcc.o(.text) for RCC_APB1PeriphResetCmd
    stm32f10x_gpio.o(.text) refers to stm32f10x_rcc.o(.text) for RCC_APB2PeriphResetCmd
    stm32f10x_i2c.o(.text) refers to stm32f10x_rcc.o(.text) for RCC_APB1PeriphResetCmd
    stm32f10x_pwr.o(.text) refers to stm32f10x_rcc.o(.text) for RCC_APB1PeriphResetCmd
    stm32f10x_rcc.o(.text) refers to stm32f10x_rcc.o(.data) for APBAHBPrescTable
    stm32f10x_spi.o(.text) refers to stm32f10x_rcc.o(.text) for RCC_APB2PeriphResetCmd
    stm32f10x_tim.o(.text) refers to stm32f10x_rcc.o(.text) for RCC_APB2PeriphResetCmd
    stm32f10x_usart.o(.text) refers to stm32f10x_rcc.o(.text) for RCC_APB2PeriphResetCmd
    stm32f10x_wwdg.o(.text) refers to stm32f10x_rcc.o(.text) for RCC_APB1PeriphResetCmd
    startup_stm32f10x_md.o(RESET) refers to startup_stm32f10x_md.o(STACK) for __initial_sp
    startup_stm32f10x_md.o(RESET) refers to startup_stm32f10x_md.o(.text) for Reset_Handler
    startup_stm32f10x_md.o(RESET) refers to stm32f10x_it.o(.text) for NMI_Handler
    startup_stm32f10x_md.o(RESET) refers to exti.o(.text) for EXTI0_IRQHandler
    startup_stm32f10x_md.o(RESET) refers to timer.o(.text) for TIM3_IRQHandler
    startup_stm32f10x_md.o(RESET) refers to usart.o(.text) for USART1_IRQHandler
    startup_stm32f10x_md.o(.text) refers to system_stm32f10x.o(.text) for SystemInit
    startup_stm32f10x_md.o(.text) refers to entry.o(.ARM.Collect$$$$00000000) for __main
    oled.o(.text) refers to stm32f10x_gpio.o(.text) for GPIO_SetBits
    oled.o(.text) refers to oled.o(.constdata) for F8X16
    oled.o(.text) refers to stm32f10x_rcc.o(.text) for RCC_APB2PeriphClockCmd
[...]
    printfa.o(i.__0vsnprintf) refers (Special) to iusefp.o(.text) for __I$use$fp
    printfa.o(i.__0vsnprintf) refers to printfa.o(i._printf_core) for _printf_core
    printfa.o(i.__0vsnprintf) refers to printfa.o(i._snputc) for _snputc
    printfa.o(i.__0vsprintf) refers (Special) to iusefp.o(.text) for __I$use$fp
    printfa.o(i.__0vsprintf) refers to printfa.o(i._printf_core) for _printf_core
    printfa.o(i.__0vsprintf) refers to printfa.o(i._sputc) for _sputc
    printfa.o(i._fp_digits) refers (Special) to iusefp.o(.text) for __I$use$fp
    printfa.o(i._fp_digits) refers to dmul.o(.text) for __aeabi_dmul
    printfa.o(i._fp_digits) refers to ddiv.o(.text) for __aeabi_ddiv
    printfa.o(i._fp_digits) refers to cdrcmple.o(.text) for __aeabi_cdrcmple
    printfa.o(i._fp_digits) refers to dadd.o(.text) for __aeabi_dadd
    printfa.o(i._fp_digits) refers to dfixul.o(.text) for __aeabi_d2ulz
    printfa.o(i._fp_digits) refers to uldiv.o(.text) for __aeabi_uldivmod
    printfa.o(i._printf_core) refers (Special) to iusefp.o(.text) for __I$use$fp
    printfa.o(i._printf_core) refers to printfa.o(i._printf_pre_padding) for _printf_pre_padding
    printfa.o(i._printf_core) refers to uldiv.o(.text) for __aeabi_uldivmod
    printfa.o(i._printf_core) refers to printfa.o(i._printf_post_padding) for _printf_post_padding
    printfa.o(i._printf_core) refers to printfa.o(i._fp_digits) for _fp_digits
    printfa.o(i._printf_core) refers to uidiv.o(.text) for __aeabi_uidivmod
    printfa.o(i._printf_post_padding) refers (Special) to iusefp.o(.text) for __I$use$fp
    printfa.o(i._printf_pre_padding) refers (Special) to iusefp.o(.text) for __I$use$fp
    printfa.o(i._snputc) refers (Special) to iusefp.o(.text) for __I$use$fp
    printfa.o(i._sputc) refers (Special) to iusefp.o(.text) for __I$use$fp
    fadd.o(.text) refers (Special) to iusefp.o(.text) for __I$use$fp
    fadd.o(.text) refers to fepilogue.o(.text) for _float_epilogue
    fmul.o(.text) refers (Special) to iusefp.o(.text) for __I$use$fp
    fdiv.o(.text) refers (Special) to iusefp.o(.text) for __I$use$fp
    fdiv.o(.text) refers to fepilogue.o(.text) for _float_round
    dadd.o(.text) refers (Special) to iusefp.o(.text) for __I$use$fp
    dadd.o(.text) refers to llshl.o(.text) for __aeabi_llsl
    dadd.o(.text) refers to llsshr.o(.text) for __aeabi_lasr
    dadd.o(.text) refers to depilogue.o(.text) for _double_epilogue
    ddiv.o(.text) refers (Special) to iusefp.o(.text) for __I$use$fp
    ddiv.o(.text) refers to depilogue.o(.text) for _double_round
    fflti.o(.text) refers (Special) to iusefp.o(.text) for __I$use$fp
    fflti.o(.text) refers to fepilogue.o(.text) for _float_epilogue
    ffltui.o(.text) refers (Special) to iusefp.o(.text) for __I$use$fp
    ffltui.o(.text) refers to fepilogue.o(.text) for _float_epilogue
    dflti.o(.text) refers (Special) to iusefp.o(.text) for __I$use$fp
    dflti.o(.text) refers to depilogue.o(.text) for _double_epilogue
    ffixui.o(.text) refers (Special) to iusefp.o(.text) for __I$use$fp
    f2d.o(.text) refers (Special) to iusefp.o(.text) for __I$use$fp
    d2f.o(.text) refers (Special) to iusefp.o(.text) for __I$use$fp
    d2f.o(.text) refers to fepilogue.o(.text) for _float_round
    entry2.o(.ARM.Collect$$$$00000001) refers to entry2.o(.ARM.Collect$$$$00002712) for __lit__00000000
    entry2.o(.ARM.Collect$$$$00002712) refers to startup_stm32f10x_md.o(STACK) for __initial_sp
    entry2.o(__vectab_stack_and_reset_area) refers to startup_stm32f10x_md.o(STACK) for __initial_sp
    entry2.o(__vectab_stack_and_reset_area) refers to entry.o(.ARM.Collect$$$$00000000) for __main
    entry5.o(.ARM.Collect$$$$00000004) refers to init.o(.text) for __scatterload
    entry9a.o(.ARM.Collect$$$$0000000B) refers to main.o(.text) for main
    entry9b.o(.ARM.Collect$$$$0000000C) refers to main.o(.text) for main
    uldiv.o(.text) refers to llushr.o(.text) for __aeabi_llsr
    uldiv.o(.text) refers to llshl.o(.text) for __aeabi_llsl
    depilogue.o(.text) refers to llshl.o(.text) for __aeabi_llsl
    depilogue.o(.text) refers to llushr.o(.text) for __aeabi_llsr
    dmul.o(.text) refers to depilogue.o(.text) for _double_epilogue
    dfixul.o(.text) refers to llushr.o(.text) for __aeabi_llsr
    dfixul.o(.text) refers to llshl.o(.text) for __aeabi_llsl
    init.o(.text) refers to entry5.o(.ARM.Collect$$$$00000004) for __main_after_scatterload


==============================================================================

Removing Unused input sections from the image.

    Removing stm32f10x_adc.o(.text), (1102 bytes).
    Removing stm32f10x_bkp.o(.text), (196 bytes).
    Removing stm32f10x_can.o(.text), (2544 bytes).
    Removing stm32f10x_cec.o(.text), (288 bytes).
    Removing stm32f10x_crc.o(.text), (72 bytes).
    Removing stm32f10x_dac.o(.text), (396 bytes).
    Removing stm32f10x_dbgmcu.o(.text), (48 bytes).
    Removing stm32f10x_fsmc.o(.text), (1548 bytes).
    Removing stm32f10x_i2c.o(.text), (1028 bytes).
    Removing stm32f10x_pwr.o(.text), (204 bytes).
    Removing stm32f10x_rtc.o(.text), (328 bytes).
    Removing stm32f10x_sdio.o(.text), (468 bytes).
    Removing stm32f10x_spi.o(.text), (780 bytes).
    Removing stm32f10x_wwdg.o(.text), (136 bytes).
    Removing core_cm3.o(.emb_text), (32 bytes).
    Removing startup_stm32f10x_md.o(HEAP), (512 bytes).
    Removing bc20.o(.data), (4 bytes).
    Removing sys.o(.text), (12 bytes).
    Removing sccom.o(i.SCOM_CalVerifyVal), (56 bytes).
    Removing sccom.o(i.SCOM_PackData), (94 bytes).
    Removing sccom.o(i.SCOM_Recieve), (264 bytes).
    Removing sccom.o(i.SCOM_Transmit), (42 bytes).
    Removing sccom.o(.constdata), (512 bytes).
    Removing dmul.o(.text), (228 bytes).
    Removing dfixul.o(.text), (48 bytes).
    Removing cdrcmple.o(.text), (48 bytes).

26 unused section(s) (total 10990 bytes) removed from the image.

==============================================================================

Image Symbol Table

    Local Symbols

    Symbol Name                              Value     Ov Type        Size  Object(Section)

    ../clib/../cmprslib/zerorunl2.c          0x00000000   Number         0  __dczerorl2.o ABSOLUTE
    ../clib/microlib/division.c              0x00000000   Number         0  uidiv.o ABSOLUTE
    ../clib/microlib/division.c              0x00000000   Number         0  uldiv.o ABSOLUTE
    ../clib/microlib/init/entry.s            0x00000000   Number         0  entry9a.o ABSOLUTE
    ../clib/microlib/init/entry.s            0x00000000   Number         0  entry10a.o ABSOLUTE
    ../clib/microlib/init/entry.s            0x00000000   Number         0  entry.o ABSOLUTE
    ../clib/microlib/init/entry.s            0x00000000   Number         0  entry10b.o ABSOLUTE
    ../clib/microlib/init/entry.s            0x00000000   Number         0  entry8b.o ABSOLUTE
    ../clib/microlib/init/entry.s            0x00000000   Number         0  entry8a.o ABSOLUTE
    ../clib/microlib/init/entry.s            0x00000000   Number         0  entry11a.o ABSOLUTE
    ../clib/microlib/init/entry.s            0x00000000   Number         0  entry2.o ABSOLUTE
    ../clib/microlib/init/entry.s            0x00000000   Number         0  entry5.o ABSOLUTE
    ../clib/microlib/init/entry.s            0x00000000   Number         0  entry11b.o ABSOLUTE
    ../clib/microlib/init/entry.s            0x00000000   Number         0  entry7a.o ABSOLUTE
    ../clib/microlib/init/entry.s            0x00000000   Number         0  entry7b.o ABSOLUTE
    ../clib/microlib/init/entry.s            0x00000000   Number         0  entry9b.o ABSOLUTE
    ../clib/microlib/longlong.c              0x00000000   Number         0  llushr.o ABSOLUTE
    ../clib/microlib/longlong.c              0x00000000   Number         0  llshl.o ABSOLUTE
    ../clib/microlib/longlong.c              0x00000000   Number         0  llsshr.o ABSOLUTE
    ../clib/microlib/printf/printf.c         0x00000000   Number         0  printf3.o ABSOLUTE
    ../clib/microlib/printf/printf.c         0x00000000   Number         0  printf4.o ABSOLUTE
    ../clib/microlib/printf/printf.c         0x00000000   Number         0  printf5.o ABSOLUTE
    ../clib/microlib/printf/printf.c         0x00000000   Number         0  printf7.o ABSOLUTE
    ../clib/microlib/printf/printf.c         0x00000000   Number         0  printf2.o ABSOLUTE
    ../clib/microlib/printf/printf.c         0x00000000   Number         0  printf8.o ABSOLUTE
    ../clib/microlib/printf/printf.c         0x00000000   Number         0  printf0.o ABSOLUTE
    ../clib/microlib/printf/printf.c         0x00000000   Number         0  printfa.o ABSOLUTE
    ../clib/microlib/printf/printf.c         0x00000000   Number         0  printfb.o ABSOLUTE
    ../clib/microlib/printf/printf.c         0x00000000   Number         0  printf6.o ABSOLUTE
    ../clib/microlib/printf/printf.c         0x00000000   Number         0  printf1.o ABSOLUTE
    ../clib/microlib/printf/stubs.s          0x00000000   Number         0  stubs.o ABSOLUTE
    ../clib/microlib/string/memcpy.c         0x00000000   Number         0  memcpya.o ABSOLUTE
    ../clib/microlib/string/memcpy.c         0x00000000   Number         0  memcpyb.o ABSOLUTE
    ../clib/microlib/string/memset.c         0x00000000   Number         0  memseta.o ABSOLUTE
    ../clib/microlib/string/strcat.c         0x00000000   Number         0  strcat.o ABSOLUTE
    ../clib/microlib/string/strcpy.c         0x00000000   Number         0  strcpy.o ABSOLUTE
    ../clib/microlib/string/strlen.c         0x00000000   Number         0  strlen.o ABSOLUTE
    ../clib/microlib/string/strstr.c         0x00000000   Number         0  strstr.o ABSOLUTE
    ../clib/microlib/string/strtok.c         0x00000000   Number         0  strtok_r.o ABSOLUTE
    ../clib/microlib/string/strtok.c         0x00000000   Number         0  strtok.o ABSOLUTE
    ../clib/microlib/stubs.s                 0x00000000   Number         0  useno.o ABSOLUTE
    ../clib/microlib/stubs.s                 0x00000000   Number         0  iusefp.o ABSOLUTE
    ../fplib/microlib/d2f.c                  0x00000000   Number         0  d2f.o ABSOLUTE
    ../fplib/microlib/f2d.c                  0x00000000   Number         0  f2d.o ABSOLUTE
    ../fplib/microlib/fpadd.c                0x00000000   Number         0  fadd.o ABSOLUTE
    ../fplib/microlib/fpadd.c                0x00000000   Number         0  dadd.o ABSOLUTE
    ../fplib/microlib/fpdiv.c                0x00000000   Number         0  ddiv.o ABSOLUTE
    ../fplib/microlib/fpdiv.c                0x00000000   Number         0  fdiv.o ABSOLUTE
    ../fplib/microlib/fpepilogue.c           0x00000000   Number         0  depilogue.o ABSOLUTE
    ../fplib/microlib/fpepilogue.c           0x00000000   Number         0  fepilogue.o ABSOLUTE
    ../fplib/microlib/fpfix.c                0x00000000   Number         0  dfixul.o ABSOLUTE
    ../fplib/microlib/fpfix.c                0x00000000   Number         0  ffixui.o ABSOLUTE
    ../fplib/microlib/fpflt.c                0x00000000   Number         0  dflti.o ABSOLUTE
    ../fplib/microlib/fpflt.c                0x00000000   Number         0  ffltui.o ABSOLUTE
    ../fplib/microlib/fpflt.c                0x00000000   Number         0  fflti.o ABSOLUTE
    ../fplib/microlib/fpmul.c                0x00000000   Number         0  fmul.o ABSOLUTE
    ../fplib/microlib/fpmul.c                0x00000000   Number         0  dmul.o ABSOLUTE
    ..\CORE\core_cm3.c                       0x00000000   Number         0  core_cm3.o ABSOLUTE
    ..\CORE\startup_stm32f10x_md.s           0x00000000   Number         0  startup_stm32f10x_md.o ABSOLUTE
    ..\HARDWARE\BC20\BC20.c                  0x00000000   Number         0  bc20.o ABSOLUTE
    ..\HARDWARE\CALLBACK\callback.c          0x00000000   Number         0  callback.o ABSOLUTE
    ..\HARDWARE\DHT11\dht11.c                0x00000000   Number         0  dht11.o ABSOLUTE
    ..\HARDWARE\EXTI\EXTI.c                  0x00000000   Number         0  exti.o ABSOLUTE
    ..\HARDWARE\LED\led.c                    0x00000000   Number         0  led.o ABSOLUTE
    ..\HARDWARE\MQTT\MQTT_FUN.c              0x00000000   Number         0  mqtt_fun.o ABSOLUTE
    ..\HARDWARE\OLED\oled.c                  0x00000000   Number         0  oled.o ABSOLUTE
    ..\HARDWARE\TIMER\timer.c                0x00000000   Number         0  timer.o ABSOLUTE
    ..\HARDWARE\WDG\wdg.c                    0x00000000   Number         0  wdg.o ABSOLUTE
    ..\STM32F10x_FWLib\src\misc.c            0x00000000   Number         0  misc.o ABSOLUTE
    ..\STM32F10x_FWLib\src\stm32f10x_adc.c   0x00000000   Number         0  stm32f10x_adc.o ABSOLUTE
    ..\STM32F10x_FWLib\src\stm32f10x_bkp.c   0x00000000   Number         0  stm32f10x_bkp.o ABSOLUTE
    ..\STM32F10x_FWLib\src\stm32f10x_can.c   0x00000000   Number         0  stm32f10x_can.o ABSOLUTE
    ..\STM32F10x_FWLib\src\stm32f10x_cec.c   0x00000000   Number         0  stm32f10x_cec.o ABSOLUTE
    ..\STM32F10x_FWLib\src\stm32f10x_crc.c   0x00000000   Number         0  stm32f10x_crc.o ABSOLUTE
    ..\STM32F10x_FWLib\src\stm32f10x_dac.c   0x00000000   Number         0  stm32f10x_dac.o ABSOLUTE
    ..\STM32F10x_FWLib\src\stm32f10x_dbgmcu.c 0x00000000   Number         0  stm32f10x_dbgmcu.o ABSOLUTE
    ..\STM32F10x_FWLib\src\stm32f10x_dma.c   0x00000000   Number         0  stm32f10x_dma.o ABSOLUTE
    ..\STM32F10x_FWLib\src\stm32f10x_exti.c  0x00000000   Number         0  stm32f10x_exti.o ABSOLUTE
    ..\STM32F10x_FWLib\src\stm32f10x_flash.c 0x00000000   Number         0  stm32f10x_flash.o ABSOLUTE
    ..\STM32F10x_FWLib\src\stm32f10x_fsmc.c  0x00000000   Number         0  stm32f10x_fsmc.o ABSOLUTE
    ..\STM32F10x_FWLib\src\stm32f10x_gpio.c  0x00000000   Number         0  stm32f10x_gpio.o ABSOLUTE
    ..\STM32F10x_FWLib\src\stm32f10x_i2c.c   0x00000000   Number         0  stm32f10x_i2c.o ABSOLUTE
    ..\STM32F10x_FWLib\src\stm32f10x_iwdg.c  0x00000000   Number         0  stm32f10x_iwdg.o ABSOLUTE
    ..\STM32F10x_FWLib\src\stm32f10x_pwr.c   0x00000000   Number         0  stm32f10x_pwr.o ABSOLUTE
    ..\STM32F10x_FWLib\src\stm32f10x_rcc.c   0x00000000   Number         0  stm32f10x_rcc.o ABSOLUTE
    ..\STM32F10x_FWLib\src\stm32f10x_rtc.c   0x00000000   Number         0  stm32f10x_rtc.o ABSOLUTE
    ..\STM32F10x_FWLib\src\stm32f10x_sdio.c  0x00000000   Number         0  stm32f10x_sdio.o ABSOLUTE
    ..\STM32F10x_FWLib\src\stm32f10x_spi.c   0x00000000   Number         0  stm32f10x_spi.o ABSOLUTE
    ..\STM32F10x_FWLib\src\stm32f10x_tim.c   0x00000000   Number         0  stm32f10x_tim.o ABSOLUTE
    ..\STM32F10x_FWLib\src\stm32f10x_usart.c 0x00000000   Number         0  stm32f10x_usart.o ABSOLUTE
    ..\STM32F10x_FWLib\src\stm32f10x_wwdg.c  0x00000000   Number         0  stm32f10x_wwdg.o ABSOLUTE
    ..\SYSTEM\delay\delay.c                  0x00000000   Number         0  delay.o ABSOLUTE
    ..\SYSTEM\sys\sys.c                      0x00000000   Number         0  sys.o ABSOLUTE
    ..\SYSTEM\usart\usart.c                  0x00000000   Number         0  usart.o ABSOLUTE
    ..\\CORE\\core_cm3.c                     0x00000000   Number         0  core_cm3.o ABSOLUTE
    ScCom.c                                  0x00000000   Number         0  sccom.o ABSOLUTE
    cdrcmple.s                               0x00000000   Number         0  cdrcmple.o ABSOLUTE
    dc.s                                     0x00000000   Number         0  dc.o ABSOLUTE
    handlers.s                               0x00000000   Number         0  handlers.o ABSOLUTE
    init.s                                   0x00000000   Number         0  init.o ABSOLUTE
    main.c                                   0x00000000   Number         0  main.o ABSOLUTE
    stm32f10x_it.c                           0x00000000   Number         0  stm32f10x_it.o ABSOLUTE
    system_stm32f10x.c                       0x00000000   Number         0  system_stm32f10x.o ABSOLUTE
    RESET                                    0x08000000   Section      236  startup_stm32f10x_md.o(RESET)
    .ARM.Collect$$$$00000000                 0x080000ec   Section        0  entry.o(.ARM.Collect$$$$00000000)
    .ARM.Collect$$$$00000001                 0x080000ec   Section        4  entry2.o(.ARM.Collect$$$$00000001)
    .ARM.Collect$$$$00000004                 0x080000f0   Section        4  entry5.o(.ARM.Collect$$$$00000004)
    .ARM.Collect$$$$00000008                 0x080000f4   Section        0  entry7b.o(.ARM.Collect$$$$00000008)
    .ARM.Collect$$$$0000000A                 0x080000f4   Section        0  entry8b.o(.ARM.Collect$$$$0000000A)
    .ARM.Collect$$$$0000000B                 0x080000f4   Section        8  entry9a.o(.ARM.Collect$$$$0000000B)
    .ARM.Collect$$$$0000000D                 0x080000fc   Section        0  entry10a.o(.ARM.Collect$$$$0000000D)
    .ARM.Collect$$$$0000000F                 0x080000fc   Section        0  entry11a.o(.ARM.Collect$$$$0000000F)
    .ARM.Collect$$$$00002712                 0x080000fc   Section        4  entry2.o(.ARM.Collect$$$$00002712)
    __lit__00000000                          0x080000fc   Data           4  entry2.o(.ARM.Collect$$$$00002712)
    .text                                    0x08000100   Section        0  main.o(.text)
    .text                                    0x080008e4   Section        0  stm32f10x_it.o(.text)
    .text                                    0x08000900   Section        0  system_stm32f10x.o(.text)
    SetSysClockTo72                          0x0800096f   Thumb Code   214  system_stm32f10x.o(.text)
    SetSysClock                              0x08000a45   Thumb Code     8  system_stm32f10x.o(.text)
    .text                                    0x08000b4c   Section        0  callback.o(.text)
    .text                                    0x08000df0   Section        0  misc.o(.text)
    .text                                    0x08000ecc   Section        0  stm32f10x_dma.o(.text)
    .text                                    0x08001120   Section        0  stm32f10x_exti.o(.text)
    .text                                    0x0800123c   Section        0  stm32f10x_flash.o(.text)
    .text                                    0x080017f8   Section        0  stm32f10x_gpio.o(.text)
    .text                                    0x08001b54   Section        0  stm32f10x_iwdg.o(.text)
    .text                                    0x08001b94   Section        0  stm32f10x_rcc.o(.text)
    .text                                    0x08001f38   Section        0  stm32f10x_tim.o(.text)
    TI4_Config                               0x080023df   Thumb Code   130  stm32f10x_tim.o(.text)
    TI3_Config                               0x08002473   Thumb Code   122  stm32f10x_tim.o(.text)
    TI2_Config                               0x08002507   Thumb Code   130  stm32f10x_tim.o(.text)
    TI1_Config                               0x0800259b   Thumb Code   108  stm32f10x_tim.o(.text)
    .text                                    0x08002d54   Section        0  stm32f10x_usart.o(.text)
    .text                                    0x0800315c   Section       36  startup_stm32f10x_md.o(.text)
    .text                                    0x08003180   Section        0  oled.o(.text)
    .text                                    0x08003750   Section        0  led.o(.text)
    .text                                    0x080037b4   Section        0  wdg.o(.text)
    .text                                    0x080037e0   Section        0  timer.o(.text)
    .text                                    0x08003868   Section        0  dht11.o(.text)
    .text                                    0x080039f8   Section        0  bc20.o(.text)
    .text                                    0x08003e18   Section        0  exti.o(.text)
    .text                                    0x08003ea0   Section        0  delay.o(.text)
    .text                                    0x08003f74   Section        0  usart.o(.text)
    .text                                    0x0800439c   Section        0  mqtt_fun.o(.text)
    .text                                    0x080044a0   Section        0  memcpya.o(.text)
    .text                                    0x080044c4   Section        0  memseta.o(.text)
    .text                                    0x080044e8   Section        0  strcat.o(.text)
    .text                                    0x08004500   Section        0  strstr.o(.text)
    .text                                    0x08004524   Section        0  strlen.o(.text)
    .text                                    0x08004532   Section        0  strcpy.o(.text)
    .text                                    0x08004544   Section        0  strtok.o(.text)
    .text                                    0x08004588   Section        0  fadd.o(.text)
    .text                                    0x08004638   Section        0  fmul.o(.text)
    .text                                    0x0800469c   Section        0  fdiv.o(.text)
    .text                                    0x08004718   Section        0  dadd.o(.text)
    .text                                    0x08004866   Section        0  ddiv.o(.text)
    .text                                    0x08004944   Section        0  fflti.o(.text)
    .text                                    0x08004956   Section        0  ffltui.o(.text)
    .text                                    0x08004960   Section        0  dflti.o(.text)
    .text                                    0x08004982   Section        0  ffixui.o(.text)
    .text                                    0x080049aa   Section        0  f2d.o(.text)
    .text                                    0x080049d0   Section        0  d2f.o(.text)
    .text                                    0x08004a08   Section        0  uldiv.o(.text)
    .text                                    0x08004a6a   Section        0  llshl.o(.text)
    .text                                    0x08004a88   Section        0  llsshr.o(.text)
    .text                                    0x08004aac   Section        0  fepilogue.o(.text)
    .text                                    0x08004aac   Section        0  iusefp.o(.text)
    .text                                    0x08004b1a   Section        0  depilogue.o(.text)
    .text                                    0x08004bd4   Section       36  init.o(.text)
    .text                                    0x08004bf8   Section        0  llushr.o(.text)
    .text                                    0x08004c18   Section        0  __dczerorl2.o(.text)
    i.SCOM_CheckTagList                      0x08004c6e   Section        0  sccom.o(i.SCOM_CheckTagList)
    i.SCOM_GetTagLen                         0x08004cf6   Section        0  sccom.o(i.SCOM_GetTagLen)
    i.SCOM_Init                              0x08004d18   Section        0  sccom.o(i.SCOM_Init)
    i.SCOM_RecieveAT                         0x08004d58   Section        0  sccom.o(i.SCOM_RecieveAT)
    i.SCOM_SearchTag                         0x08004e4c   Section        0  sccom.o(i.SCOM_SearchTag)
    i.SCOM_SetTable                          0x08004e9c   Section        0  sccom.o(i.SCOM_SetTable)
    i.__0printf$8                            0x08004eb8   Section        0  printf8.o(i.__0printf$8)
    i.__0sprintf$8                           0x08004ed8   Section        0  printf8.o(i.__0sprintf$8)
    i.__scatterload_copy                     0x08004f00   Section       14  handlers.o(i.__scatterload_copy)
    i.__scatterload_null                     0x08004f0e   Section        2  handlers.o(i.__scatterload_null)
    i.__scatterload_zeroinit                 0x08004f10   Section       14  handlers.o(i.__scatterload_zeroinit)
    i._printf_core                           0x08004f20   Section        0  printf8.o(i._printf_core)
    _printf_core                             0x08004f21   Thumb Code   996  printf8.o(i._printf_core)
    i._printf_post_padding                   0x08005330   Section        0  printf8.o(i._printf_post_padding)
    _printf_post_padding                     0x08005331   Thumb Code    36  printf8.o(i._printf_post_padding)
    i._printf_pre_padding                    0x08005354   Section        0  printf8.o(i._printf_pre_padding)
    _printf_pre_padding                      0x08005355   Thumb Code    46  printf8.o(i._printf_pre_padding)
    i._sputc                                 0x08005382   Section        0  printf8.o(i._sputc)
    _sputc                                   0x08005383   Thumb Code    10  printf8.o(i._sputc)
    .constdata                               0x0800538c   Section      113  main.o(.constdata)
    .constdata                               0x080053fd   Section     2072  oled.o(.constdata)
    .conststring                             0x08005c18   Section       28  main.o(.conststring)
    .conststring                             0x08005c34   Section        4  callback.o(.conststring)
    .data                                    0x20000000   Section       31  main.o(.data)
    P10msReq                                 0x2000001e   Data           1  main.o(.data)
    .data                                    0x20000020   Section       20  system_stm32f10x.o(.data)
    .data                                    0x20000034   Section      116  callback.o(.data)
    .data                                    0x200000a8   Section       20  stm32f10x_rcc.o(.data)
    APBAHBPrescTable                         0x200000a8   Data          16  stm32f10x_rcc.o(.data)
    ADCPrescTable                            0x200000b8   Data           4  stm32f10x_rcc.o(.data)
    .data                                    0x200000bc   Section      640  oled.o(.data)
    .data                                    0x2000033c   Section        3  dht11.o(.data)
    .data                                    0x2000033f   Section        1  exti.o(.data)
    .data                                    0x20000340   Section        4  delay.o(.data)
    fac_us                                   0x20000340   Data           1  delay.o(.data)
    fac_ms                                   0x20000342   Data           2  delay.o(.data)
    .data                                    0x20000344   Section       12  usart.o(.data)
    .data                                    0x20000350   Section        4  strtok.o(.data)
    state                                    0x20000350   Data           4  strtok.o(.data)
    .bss                                     0x20000354   Section     2258  main.o(.bss)
    .bss                                     0x20000c26   Section      350  callback.o(.bss)
    .bss                                     0x20000d84   Section      700  usart.o(.bss)
    STACK                                    0x20001040   Section     1024  startup_stm32f10x_md.o(STACK)

    Global Symbols

    Symbol Name                              Value     Ov Type        Size  Object(Section)

    BuildAttributes$$THM_ISAv4$P$D$K$B$S$PE$A:L22UL41UL21$X:L11$S22US41US21$IEEE1$IW$USESV6$~STKCKD$USESV7$~SHL$OTIME$ROPI$EBA8$MICROLIB$REQ8$PRES8$EABIv2 0x00000000   Number         0  anon$$obj.o ABSOLUTE
    __ARM_use_no_argv                        0x00000000   Number         0  main.o ABSOLUTE
    __use_no_errno                           0x00000000   Number         0  useno.o ABSOLUTE
    __use_no_exception_handling              0x00000000   Number         0  useno.o ABSOLUTE
    __use_no_fp                              0x00000000   Number         0  useno.o ABSOLUTE
    __use_no_heap                            0x00000000   Number         0  useno.o ABSOLUTE
    __use_no_heap_region                     0x00000000   Number         0  useno.o ABSOLUTE
    __use_no_semihosting                     0x00000000   Number         0  useno.o ABSOLUTE
    __use_no_semihosting_swi                 0x00000000   Number         0  useno.o ABSOLUTE
    __use_no_signal_handling                 0x00000000   Number         0  useno.o ABSOLUTE
    _printf_a                                0x00000000   Number         0  stubs.o ABSOLUTE
    _printf_c                                0x00000000   Number         0  stubs.o ABSOLUTE
    _printf_charcount                        0x00000000   Number         0  stubs.o ABSOLUTE
    _printf_d                                0x00000000   Number         0  stubs.o ABSOLUTE
    _printf_e                                0x00000000   Number         0  stubs.o ABSOLUTE
    _printf_f                                0x00000000   Number         0  stubs.o ABSOLUTE
    _printf_flags                            0x00000000   Number         0  stubs.o ABSOLUTE
    _printf_fp_dec                           0x00000000   Number         0  stubs.o ABSOLUTE
    _printf_fp_hex                           0x00000000   Number         0  stubs.o ABSOLUTE
    _printf_g                                0x00000000   Number         0  stubs.o ABSOLUTE
    _printf_i                                0x00000000   Number         0  stubs.o ABSOLUTE
    _printf_int_dec                          0x00000000   Number         0  stubs.o ABSOLUTE
    _printf_l                                0x00000000   Number         0  stubs.o ABSOLUTE
    _printf_lc                               0x00000000   Number         0  stubs.o ABSOLUTE
    _printf_ll                               0x00000000   Number         0  stubs.o ABSOLUTE
    _printf_lld                              0x00000000   Number         0  stubs.o ABSOLUTE
    _printf_lli                              0x00000000   Number         0  stubs.o ABSOLUTE
    _printf_llo                              0x00000000   Number         0  stubs.o ABSOLUTE
    _printf_llu                              0x00000000   Number         0  stubs.o ABSOLUTE
    _printf_llx                              0x00000000   Number         0  stubs.o ABSOLUTE
    _printf_longlong_dec                     0x00000000   Number         0  stubs.o ABSOLUTE
    _printf_longlong_hex                     0x00000000   Number         0  stubs.o ABSOLUTE
    _printf_longlong_oct                     0x00000000   Number         0  stubs.o ABSOLUTE
    _printf_ls                               0x00000000   Number         0  stubs.o ABSOLUTE
    _printf_mbtowc                           0x00000000   Number         0  stubs.o ABSOLUTE
    _printf_n                                0x00000000   Number         0  stubs.o ABSOLUTE
    _printf_o                                0x00000000   Number         0  stubs.o ABSOLUTE
    _printf_p                                0x00000000   Number         0  stubs.o ABSOLUTE
    _printf_percent                          0x00000000   Number         0  stubs.o ABSOLUTE
    _printf_pre_padding                      0x00000000   Number         0  stubs.o ABSOLUTE
    _printf_return_value                     0x00000000   Number         0  stubs.o ABSOLUTE
    _printf_s                                0x00000000   Number         0  stubs.o ABSOLUTE
    _printf_sizespec                         0x00000000   Number         0  stubs.o ABSOLUTE
    _printf_str                              0x00000000   Number         0  stubs.o ABSOLUTE
    _printf_truncate_signed                  0x00000000   Number         0  stubs.o ABSOLUTE
    _printf_truncate_unsigned                0x00000000   Number         0  stubs.o ABSOLUTE
    _printf_u                                0x00000000   Number         0  stubs.o ABSOLUTE
    _printf_wc                               0x00000000   Number         0  stubs.o ABSOLUTE
    _printf_wctomb                           0x00000000   Number         0  stubs.o ABSOLUTE
    _printf_widthprec                        0x00000000   Number         0  stubs.o ABSOLUTE
    _printf_x                                0x00000000   Number         0  stubs.o ABSOLUTE
    __cpp_initialize__aeabi_                  - Undefined Weak Reference
    __cxa_finalize                            - Undefined Weak Reference
    _clock_init                               - Undefined Weak Reference
    _microlib_exit                            - Undefined Weak Reference
    __Vectors_Size                           0x000000ec   Number         0  startup_stm32f10x_md.o ABSOLUTE
    __Vectors                                0x08000000   Data           4  startup_stm32f10x_md.o(RESET)
    __Vectors_End                            0x080000ec   Data           0  startup_stm32f10x_md.o(RESET)
    __main                                   0x080000ed   Thumb Code     0  entry.o(.ARM.Collect$$$$00000000)
    _main_stk                                0x080000ed   Thumb Code     0  entry2.o(.ARM.Collect$$$$00000001)
    _main_scatterload                        0x080000f1   Thumb Code     0  entry5.o(.ARM.Collect$$$$00000004)
    __main_after_scatterload                 0x080000f5   Thumb Code     0  entry5.o(.ARM.Collect$$$$00000004)
    _main_clock                              0x080000f5   Thumb Code     0  entry7b.o(.ARM.Collect$$$$00000008)
    _main_cpp_init                           0x080000f5   Thumb Code     0  entry8b.o(.ARM.Collect$$$$0000000A)
    _main_init                               0x080000f5   Thumb Code     0  entry9a.o(.ARM.Collect$$$$0000000B)
    __rt_final_cpp                           0x080000fd   Thumb Code     0  entry10a.o(.ARM.Collect$$$$0000000D)
    __rt_final_exit                          0x080000fd   Thumb Code     0  entry11a.o(.ARM.Collect$$$$0000000F)
    Clear_Buffer                             0x08000101   Thumb Code    32  main.o(.text)
    Get_IMEI                                 0x08000121   Thumb Code   152  main.o(.text)
    OPEN_BC20                                0x080001b9   Thumb Code   280  main.o(.text)
    Per1msTask                               0x080002d1   Thumb Code   500  main.o(.text)
    OLED_SHOW                                0x080004c5   Thumb Code   400  main.o(.text)
    OLED_SHOWGPS                             0x08000655   Thumb Code    68  main.o(.text)
    OLED_SHOWDHT11                           0x08000699   Thumb Code    68  main.o(.text)
    temphumi_show                            0x080006dd   Thumb Code   170  main.o(.text)
    mcu_init                                 0x08000787   Thumb Code   132  main.o(.text)
    main                                     0x0800080b   Thumb Code    98  main.o(.text)
    NMI_Handler                              0x080008e5   Thumb Code     2  stm32f10x_it.o(.text)
    HardFault_Handler                        0x080008e7   Thumb Code     4  stm32f10x_it.o(.text)
    MemManage_Handler                        0x080008eb   Thumb Code     4  stm32f10x_it.o(.text)
    BusFault_Handler                         0x080008ef   Thumb Code     4  stm32f10x_it.o(.text)
    UsageFault_Handler                       0x080008f3   Thumb Code     4  stm32f10x_it.o(.text)
    SVC_Handler                              0x080008f7   Thumb Code     2  stm32f10x_it.o(.text)
    DebugMon_Handler                         0x080008f9   Thumb Code     2  stm32f10x_it.o(.text)
    PendSV_Handler                           0x080008fb   Thumb Code     2  stm32f10x_it.o(.text)
    SysTick_Handler                          0x080008fd   Thumb Code     2  stm32f10x_it.o(.text)
    RCC_Configuration                        0x08000901   Thumb Code   110  system_stm32f10x.o(.text)
    SystemInit                               0x08000a4d   Thumb Code    78  system_stm32f10x.o(.text)
    SystemCoreClockUpdate                    0x08000a9b   Thumb Code   142  system_stm32f10x.o(.text)
    COM_Rx_Callback                          0x08000b4d   Thumb Code    16  callback.o(.text)
    LedChange                                0x08000b5d   Thumb Code    14  callback.o(.text)
    RecvSub                                  0x08000b6b   Thumb Code   170  callback.o(.text)
    COM_Get_Callback                         0x08000c15   Thumb Code   278  callback.o(.text)
    NVIC_PriorityGroupConfig                 0x08000df1   Thumb Code    10  misc.o(.text)
    NVIC_Init                                0x08000dfb   Thumb Code   100  misc.o(.text)
    NVIC_SetVectorTable                      0x08000e5f   Thumb Code    14  misc.o(.text)
    NVIC_SystemLPConfig                      0x08000e6d   Thumb Code    34  misc.o(.text)
    SysTick_CLKSourceConfig                  0x08000e8f   Thumb Code    40  misc.o(.text)
    DMA_DeInit                               0x08000ecd   Thumb Code   324  stm32f10x_dma.o(.text)
    DMA_Init                                 0x08001011   Thumb Code    60  stm32f10x_dma.o(.text)
    DMA_StructInit                           0x0800104d   Thumb Code    26  stm32f10x_dma.o(.text)
    DMA_Cmd                                  0x08001067   Thumb Code    24  stm32f10x_dma.o(.text)
    DMA_ITConfig                             0x0800107f   Thumb Code    18  stm32f10x_dma.o(.text)
    DMA_SetCurrDataCounter                   0x08001091   Thumb Code     4  stm32f10x_dma.o(.text)
    DMA_GetCurrDataCounter                   0x08001095   Thumb Code     8  stm32f10x_dma.o(.text)
    DMA_GetFlagStatus                        0x0800109d   Thumb Code    40  stm32f10x_dma.o(.text)
    DMA_ClearFlag                            0x080010c5   Thumb Code    22  stm32f10x_dma.o(.text)
    DMA_GetITStatus                          0x080010db   Thumb Code    40  stm32f10x_dma.o(.text)
    DMA_ClearITPendingBit                    0x08001103   Thumb Code    22  stm32f10x_dma.o(.text)
    EXTI_DeInit                              0x08001121   Thumb Code    28  stm32f10x_exti.o(.text)
    EXTI_Init                                0x0800113d   Thumb Code   142  stm32f10x_exti.o(.text)
    EXTI_StructInit                          0x080011cb   Thumb Code    16  stm32f10x_exti.o(.text)
    EXTI_GenerateSWInterrupt                 0x080011db   Thumb Code    16  stm32f10x_exti.o(.text)
    EXTI_GetFlagStatus                       0x080011eb   Thumb Code    22  stm32f10x_exti.o(.text)
    EXTI_ClearFlag                           0x08001201   Thumb Code     8  stm32f10x_exti.o(.text)
    EXTI_GetITStatus                         0x08001209   Thumb Code    34  stm32f10x_exti.o(.text)
    EXTI_ClearITPendingBit                   0x0800122b   Thumb Code     8  stm32f10x_exti.o(.text)
    FLASH_SetLatency                         0x0800123d   Thumb Code    18  stm32f10x_flash.o(.text)
    FLASH_HalfCycleAccessCmd                 0x0800124f   Thumb Code    22  stm32f10x_flash.o(.text)
    FLASH_PrefetchBufferCmd                  0x08001265   Thumb Code    22  stm32f10x_flash.o(.text)
    FLASH_Unlock                             0x0800127b   Thumb Code    12  stm32f10x_flash.o(.text)
    FLASH_UnlockBank1                        0x08001287   Thumb Code    12  stm32f10x_flash.o(.text)
    FLASH_Lock                               0x08001293   Thumb Code    14  stm32f10x_flash.o(.text)
    FLASH_LockBank1                          0x080012a1   Thumb Code    14  stm32f10x_flash.o(.text)
    FLASH_GetBank1Status                     0x080012af   Thumb Code    48  stm32f10x_flash.o(.text)
    FLASH_WaitForLastOperation               0x080012df   Thumb Code    38  stm32f10x_flash.o(.text)
    FLASH_ErasePage                          0x08001305   Thumb Code    72  stm32f10x_flash.o(.text)
    FLASH_EraseAllPages                      0x0800134d   Thumb Code    68  stm32f10x_flash.o(.text)
    FLASH_WaitForLastBank1Operation          0x08001391   Thumb Code    38  stm32f10x_flash.o(.text)
    FLASH_EraseAllBank1Pages                 0x080013b7   Thumb Code    68  stm32f10x_flash.o(.text)
    FLASH_GetReadOutProtectionStatus         0x080013fb   Thumb Code    20  stm32f10x_flash.o(.text)
    FLASH_EraseOptionBytes                   0x0800140f   Thumb Code   150  stm32f10x_flash.o(.text)
    FLASH_ProgramWord                        0x080014a5   Thumb Code   102  stm32f10x_flash.o(.text)
    FLASH_ProgramHalfWord                    0x0800150b   Thumb Code    60  stm32f10x_flash.o(.text)
    FLASH_ProgramOptionByteData              0x08001547   Thumb Code    72  stm32f10x_flash.o(.text)
    FLASH_EnableWriteProtection              0x0800158f   Thumb Code   200  stm32f10x_flash.o(.text)
    FLASH_ReadOutProtection                  0x08001657   Thumb Code   156  stm32f10x_flash.o(.text)
    FLASH_UserOptionByteConfig               0x080016f3   Thumb Code    88  stm32f10x_flash.o(.text)
    FLASH_GetUserOptionByte                  0x0800174b   Thumb Code     8  stm32f10x_flash.o(.text)
    FLASH_GetWriteProtectionOptionByte       0x08001753   Thumb Code     6  stm32f10x_flash.o(.text)
    FLASH_GetPrefetchBufferStatus            0x08001759   Thumb Code    20  stm32f10x_flash.o(.text)
    FLASH_ITConfig                           0x0800176d   Thumb Code    26  stm32f10x_flash.o(.text)
    FLASH_GetFlagStatus                      0x08001787   Thumb Code    42  stm32f10x_flash.o(.text)
    FLASH_ClearFlag                          0x080017b1   Thumb Code     6  stm32f10x_flash.o(.text)
    FLASH_GetStatus                          0x080017b7   Thumb Code    48  stm32f10x_flash.o(.text)
    GPIO_DeInit                              0x080017f9   Thumb Code   172  stm32f10x_gpio.o(.text)
    GPIO_AFIODeInit                          0x080018a5   Thumb Code    20  stm32f10x_gpio.o(.text)
    GPIO_Init                                0x080018b9   Thumb Code   278  stm32f10x_gpio.o(.text)
    GPIO_StructInit                          0x080019cf   Thumb Code    16  stm32f10x_gpio.o(.text)
    GPIO_ReadInputDataBit                    0x080019df   Thumb Code    18  stm32f10x_gpio.o(.text)
    GPIO_ReadInputData                       0x080019f1   Thumb Code     8  stm32f10x_gpio.o(.text)
    GPIO_ReadOutputDataBit                   0x080019f9   Thumb Code    18  stm32f10x_gpio.o(.text)
    GPIO_ReadOutputData                      0x08001a0b   Thumb Code     8  stm32f10x_gpio.o(.text)
    GPIO_SetBits                             0x08001a13   Thumb Code     4  stm32f10x_gpio.o(.text)
    GPIO_ResetBits                           0x08001a17   Thumb Code     4  stm32f10x_gpio.o(.text)
    GPIO_WriteBit                            0x08001a1b   Thumb Code    10  stm32f10x_gpio.o(.text)
    GPIO_Write                               0x08001a25   Thumb Code     4  stm32f10x_gpio.o(.text)
    GPIO_PinLockConfig                       0x08001a29   Thumb Code    18  stm32f10x_gpio.o(.text)
    GPIO_EventOutputConfig                   0x08001a3b   Thumb Code    26  stm32f10x_gpio.o(.text)
    GPIO_EventOutputCmd                      0x08001a55   Thumb Code     6  stm32f10x_gpio.o(.text)
    GPIO_PinRemapConfig                      0x08001a5b   Thumb Code   138  stm32f10x_gpio.o(.text)
    GPIO_EXTILineConfig                      0x08001ae5   Thumb Code    66  stm32f10x_gpio.o(.text)
    GPIO_ETH_MediaInterfaceConfig            0x08001b27   Thumb Code     8  stm32f10x_gpio.o(.text)
    IWDG_WriteAccessCmd                      0x08001b55   Thumb Code     6  stm32f10x_iwdg.o(.text)
    IWDG_SetPrescaler                        0x08001b5b   Thumb Code     6  stm32f10x_iwdg.o(.text)
    IWDG_SetReload                           0x08001b61   Thumb Code     6  stm32f10x_iwdg.o(.text)
    IWDG_ReloadCounter                       0x08001b67   Thumb Code    10  stm32f10x_iwdg.o(.text)
    IWDG_Enable                              0x08001b71   Thumb Code    10  stm32f10x_iwdg.o(.text)
    IWDG_GetFlagStatus                       0x08001b7b   Thumb Code    20  stm32f10x_iwdg.o(.text)
    RCC_DeInit                               0x08001b95   Thumb Code    64  stm32f10x_rcc.o(.text)
    RCC_HSEConfig                            0x08001bd5   Thumb Code    70  stm32f10x_rcc.o(.text)
    RCC_GetFlagStatus                        0x08001c1b   Thumb Code    56  stm32f10x_rcc.o(.text)
    RCC_WaitForHSEStartUp                    0x08001c53   Thumb Code    56  stm32f10x_rcc.o(.text)
    RCC_AdjustHSICalibrationValue            0x08001c8b   Thumb Code    20  stm32f10x_rcc.o(.text)
    RCC_HSICmd                               0x08001c9f   Thumb Code     6  stm32f10x_rcc.o(.text)
    RCC_PLLConfig                            0x08001ca5   Thumb Code    24  stm32f10x_rcc.o(.text)
    RCC_PLLCmd                               0x08001cbd   Thumb Code     6  stm32f10x_rcc.o(.text)
    RCC_SYSCLKConfig                         0x08001cc3   Thumb Code    18  stm32f10x_rcc.o(.text)
    RCC_GetSYSCLKSource                      0x08001cd5   Thumb Code    10  stm32f10x_rcc.o(.text)
    RCC_HCLKConfig                           0x08001cdf   Thumb Code    18  stm32f10x_rcc.o(.text)
    RCC_PCLK1Config                          0x08001cf1   Thumb Code    18  stm32f10x_rcc.o(.text)
    RCC_PCLK2Config                          0x08001d03   Thumb Code    20  stm32f10x_rcc.o(.text)
    RCC_ITConfig                             0x08001d17   Thumb Code    26  stm32f10x_rcc.o(.text)
    RCC_USBCLKConfig                         0x08001d31   Thumb Code     8  stm32f10x_rcc.o(.text)
    RCC_ADCCLKConfig                         0x08001d39   Thumb Code    18  stm32f10x_rcc.o(.text)
    RCC_LSEConfig                            0x08001d4b   Thumb Code    50  stm32f10x_rcc.o(.text)
    RCC_LSICmd                               0x08001d7d   Thumb Code     6  stm32f10x_rcc.o(.text)
    RCC_RTCCLKConfig                         0x08001d83   Thumb Code    12  stm32f10x_rcc.o(.text)
    RCC_RTCCLKCmd                            0x08001d8f   Thumb Code     8  stm32f10x_rcc.o(.text)
    RCC_GetClocksFreq                        0x08001d97   Thumb Code   192  stm32f10x_rcc.o(.text)
    RCC_AHBPeriphClockCmd                    0x08001e57   Thumb Code    26  stm32f10x_rcc.o(.text)
    RCC_APB2PeriphClockCmd                   0x08001e71   Thumb Code    26  stm32f10x_rcc.o(.text)
    RCC_APB1PeriphClockCmd                   0x08001e8b   Thumb Code    26  stm32f10x_rcc.o(.text)
    RCC_APB2PeriphResetCmd                   0x08001ea5   Thumb Code    26  stm32f10x_rcc.o(.text)
    RCC_APB1PeriphResetCmd                   0x08001ebf   Thumb Code    26  stm32f10x_rcc.o(.text)
    RCC_BackupResetCmd                       0x08001ed9   Thumb Code     8  stm32f10x_rcc.o(.text)
    RCC_ClockSecuritySystemCmd               0x08001ee1   Thumb Code     6  stm32f10x_rcc.o(.text)
    RCC_MCOConfig                            0x08001ee7   Thumb Code     6  stm32f10x_rcc.o(.text)
    RCC_ClearFlag                            0x08001eed   Thumb Code    14  stm32f10x_rcc.o(.text)
    RCC_GetITStatus                          0x08001efb   Thumb Code    20  stm32f10x_rcc.o(.text)
    RCC_ClearITPendingBit                    0x08001f0f   Thumb Code     6  stm32f10x_rcc.o(.text)
    TIM_DeInit                               0x08001f39   Thumb Code   424  stm32f10x_tim.o(.text)
    TIM_TimeBaseInit                         0x080020e1   Thumb Code   122  stm32f10x_tim.o(.text)
    TIM_OC1Init                              0x0800215b   Thumb Code   132  stm32f10x_tim.o(.text)
    TIM_OC2Init                              0x080021df   Thumb Code   154  stm32f10x_tim.o(.text)
    TIM_OC3Init                              0x08002279   Thumb Code   150  stm32f10x_tim.o(.text)
    TIM_OC4Init                              0x0800230f   Thumb Code   182  stm32f10x_tim.o(.text)
    TIM_SetIC4Prescaler                      0x080023c5   Thumb Code    26  stm32f10x_tim.o(.text)
    TIM_SetIC3Prescaler                      0x08002461   Thumb Code    18  stm32f10x_tim.o(.text)
    TIM_SetIC2Prescaler                      0x080024ed   Thumb Code    26  stm32f10x_tim.o(.text)
    TIM_SetIC1Prescaler                      0x08002589   Thumb Code    18  stm32f10x_tim.o(.text)
    TIM_ICInit                               0x08002607   Thumb Code   150  stm32f10x_tim.o(.text)
    TIM_PWMIConfig                           0x0800269d   Thumb Code   124  stm32f10x_tim.o(.text)
    TIM_BDTRConfig                           0x08002719   Thumb Code    32  stm32f10x_tim.o(.text)
    TIM_TimeBaseStructInit                   0x08002739   Thumb Code    18  stm32f10x_tim.o(.text)
    TIM_OCStructInit                         0x0800274b   Thumb Code    20  stm32f10x_tim.o(.text)
    TIM_ICStructInit                         0x0800275f   Thumb Code    18  stm32f10x_tim.o(.text)
    TIM_BDTRStructInit                       0x08002771   Thumb Code    40  stm32f10x_tim.o(.text)
    TIM_Cmd                                  0x08002799   Thumb Code    24  stm32f10x_tim.o(.text)
    TIM_CtrlPWMOutputs                       0x080027b1   Thumb Code    30  stm32f10x_tim.o(.text)
    TIM_ITConfig                             0x080027cf   Thumb Code    18  stm32f10x_tim.o(.text)
    TIM_GenerateEvent                        0x080027e1   Thumb Code     4  stm32f10x_tim.o(.text)
    TIM_DMAConfig                            0x080027e5   Thumb Code    10  stm32f10x_tim.o(.text)
    TIM_DMACmd                               0x080027ef   Thumb Code    18  stm32f10x_tim.o(.text)
    TIM_InternalClockConfig                  0x08002801   Thumb Code    12  stm32f10x_tim.o(.text)
    TIM_SelectInputTrigger                   0x0800280d   Thumb Code    18  stm32f10x_tim.o(.text)
    TIM_ITRxExternalClockConfig              0x0800281f   Thumb Code    24  stm32f10x_tim.o(.text)
    TIM_TIxExternalClockConfig               0x08002837   Thumb Code    62  stm32f10x_tim.o(.text)
    TIM_ETRConfig                            0x08002875   Thumb Code    28  stm32f10x_tim.o(.text)
    TIM_ETRClockMode1Config                  0x08002891   Thumb Code    54  stm32f10x_tim.o(.text)
    TIM_ETRClockMode2Config                  0x080028c7   Thumb Code    32  stm32f10x_tim.o(.text)
    TIM_PrescalerConfig                      0x080028e7   Thumb Code     6  stm32f10x_tim.o(.text)
    TIM_CounterModeConfig                    0x080028ed   Thumb Code    18  stm32f10x_tim.o(.text)
    TIM_EncoderInterfaceConfig               0x080028ff   Thumb Code    66  stm32f10x_tim.o(.text)
    TIM_ForcedOC1Config                      0x08002941   Thumb Code    18  stm32f10x_tim.o(.text)
    TIM_ForcedOC2Config                      0x08002953   Thumb Code    26  stm32f10x_tim.o(.text)
    TIM_ForcedOC3Config                      0x0800296d   Thumb Code    18  stm32f10x_tim.o(.text)
    TIM_ForcedOC4Config                      0x0800297f   Thumb Code    26  stm32f10x_tim.o(.text)
    TIM_ARRPreloadConfig                     0x08002999   Thumb Code    24  stm32f10x_tim.o(.text)
    TIM_SelectCOM                            0x080029b1   Thumb Code    24  stm32f10x_tim.o(.text)
    TIM_SelectCCDMA                          0x080029c9   Thumb Code    24  stm32f10x_tim.o(.text)
    TIM_CCPreloadControl                     0x080029e1   Thumb Code    24  stm32f10x_tim.o(.text)
    TIM_OC1PreloadConfig                     0x080029f9   Thumb Code    18  stm32f10x_tim.o(.text)
    TIM_OC2PreloadConfig                     0x08002a0b   Thumb Code    26  stm32f10x_tim.o(.text)
    TIM_OC3PreloadConfig                     0x08002a25   Thumb Code    18  stm32f10x_tim.o(.text)
    TIM_OC4PreloadConfig                     0x08002a37   Thumb Code    26  stm32f10x_tim.o(.text)
    TIM_OC1FastConfig                        0x08002a51   Thumb Code    18  stm32f10x_tim.o(.text)
    TIM_OC2FastConfig                        0x08002a63   Thumb Code    26  stm32f10x_tim.o(.text)
    TIM_OC3FastConfig                        0x08002a7d   Thumb Code    18  stm32f10x_tim.o(.text)
    TIM_OC4FastConfig                        0x08002a8f   Thumb Code    26  stm32f10x_tim.o(.text)
    TIM_ClearOC1Ref                          0x08002aa9   Thumb Code    18  stm32f10x_tim.o(.text)
    TIM_ClearOC2Ref                          0x08002abb   Thumb Code    24  stm32f10x_tim.o(.text)
    TIM_ClearOC3Ref                          0x08002ad3   Thumb Code    18  stm32f10x_tim.o(.text)
    TIM_ClearOC4Ref                          0x08002ae5   Thumb Code    24  stm32f10x_tim.o(.text)
    TIM_OC1PolarityConfig                    0x08002afd   Thumb Code    18  stm32f10x_tim.o(.text)
    TIM_OC1NPolarityConfig                   0x08002b0f   Thumb Code    18  stm32f10x_tim.o(.text)
    TIM_OC2PolarityConfig                    0x08002b21   Thumb Code    26  stm32f10x_tim.o(.text)
    TIM_OC2NPolarityConfig                   0x08002b3b   Thumb Code    26  stm32f10x_tim.o(.text)
    TIM_OC3PolarityConfig                    0x08002b55   Thumb Code    26  stm32f10x_tim.o(.text)
    TIM_OC3NPolarityConfig                   0x08002b6f   Thumb Code    26  stm32f10x_tim.o(.text)
    TIM_OC4PolarityConfig                    0x08002b89   Thumb Code    26  stm32f10x_tim.o(.text)
    TIM_CCxCmd                               0x08002ba3   Thumb Code    30  stm32f10x_tim.o(.text)
    TIM_CCxNCmd                              0x08002bc1   Thumb Code    30  stm32f10x_tim.o(.text)
    TIM_SelectOCxM                           0x08002bdf   Thumb Code    82  stm32f10x_tim.o(.text)
    TIM_UpdateDisableConfig                  0x08002c31   Thumb Code    24  stm32f10x_tim.o(.text)
    TIM_UpdateRequestConfig                  0x08002c49   Thumb Code    24  stm32f10x_tim.o(.text)
    TIM_SelectHallSensor                     0x08002c61   Thumb Code    24  stm32f10x_tim.o(.text)
    TIM_SelectOnePulseMode                   0x08002c79   Thumb Code    18  stm32f10x_tim.o(.text)
    TIM_SelectOutputTrigger                  0x08002c8b   Thumb Code    18  stm32f10x_tim.o(.text)
    TIM_SelectSlaveMode                      0x08002c9d   Thumb Code    18  stm32f10x_tim.o(.text)
    TIM_SelectMasterSlaveMode                0x08002caf   Thumb Code    18  stm32f10x_tim.o(.text)
    TIM_SetCounter                           0x08002cc1   Thumb Code     4  stm32f10x_tim.o(.text)
    TIM_SetAutoreload                        0x08002cc5   Thumb Code     4  stm32f10x_tim.o(.text)
    TIM_SetCompare1                          0x08002cc9   Thumb Code     4  stm32f10x_tim.o(.text)
    TIM_SetCompare2                          0x08002ccd   Thumb Code     4  stm32f10x_tim.o(.text)
    TIM_SetCompare3                          0x08002cd1   Thumb Code     4  stm32f10x_tim.o(.text)
    TIM_SetCompare4                          0x08002cd5   Thumb Code     6  stm32f10x_tim.o(.text)
    TIM_SetClockDivision                     0x08002cdb   Thumb Code    18  stm32f10x_tim.o(.text)
    TIM_GetCapture1                          0x08002ced   Thumb Code     6  stm32f10x_tim.o(.text)
    TIM_GetCapture2                          0x08002cf3   Thumb Code     6  stm32f10x_tim.o(.text)
    TIM_GetCapture3                          0x08002cf9   Thumb Code     6  stm32f10x_tim.o(.text)
    TIM_GetCapture4                          0x08002cff   Thumb Code     8  stm32f10x_tim.o(.text)
    TIM_GetCounter                           0x08002d07   Thumb Code     6  stm32f10x_tim.o(.text)
    TIM_GetPrescaler                         0x08002d0d   Thumb Code     6  stm32f10x_tim.o(.text)
    TIM_GetFlagStatus                        0x08002d13   Thumb Code    18  stm32f10x_tim.o(.text)
    TIM_ClearFlag                            0x08002d25   Thumb Code     6  stm32f10x_tim.o(.text)
    TIM_GetITStatus                          0x08002d2b   Thumb Code    34  stm32f10x_tim.o(.text)
    TIM_ClearITPendingBit                    0x08002d4d   Thumb Code     6  stm32f10x_tim.o(.text)
    USART_DeInit                             0x08002d55   Thumb Code   134  stm32f10x_usart.o(.text)
    USART_Init                               0x08002ddb   Thumb Code   210  stm32f10x_usart.o(.text)
    USART_StructInit                         0x08002ead   Thumb Code    24  stm32f10x_usart.o(.text)
    USART_ClockInit                          0x08002ec5   Thumb Code    34  stm32f10x_usart.o(.text)
    USART_ClockStructInit                    0x08002ee7   Thumb Code    12  stm32f10x_usart.o(.text)
    USART_Cmd                                0x08002ef3   Thumb Code    24  stm32f10x_usart.o(.text)
    USART_ITConfig                           0x08002f0b   Thumb Code    74  stm32f10x_usart.o(.text)
    USART_DMACmd                             0x08002f55   Thumb Code    18  stm32f10x_usart.o(.text)
    USART_SetAddress                         0x08002f67   Thumb Code    18  stm32f10x_usart.o(.text)
    USART_WakeUpConfig                       0x08002f79   Thumb Code    18  stm32f10x_usart.o(.text)
    USART_ReceiverWakeUpCmd                  0x08002f8b   Thumb Code    24  stm32f10x_usart.o(.text)
    USART_LINBreakDetectLengthConfig         0x08002fa3   Thumb Code    18  stm32f10x_usart.o(.text)
    USART_LINCmd                             0x08002fb5   Thumb Code    24  stm32f10x_usart.o(.text)
    USART_SendData                           0x08002fcd   Thumb Code     8  stm32f10x_usart.o(.text)
    USART_ReceiveData                        0x08002fd5   Thumb Code    10  stm32f10x_usart.o(.text)
    USART_SendBreak                          0x08002fdf   Thumb Code    10  stm32f10x_usart.o(.text)
    USART_SetGuardTime                       0x08002fe9   Thumb Code    16  stm32f10x_usart.o(.text)
    USART_SetPrescaler                       0x08002ff9   Thumb Code    16  stm32f10x_usart.o(.text)
    USART_SmartCardCmd                       0x08003009   Thumb Code    24  stm32f10x_usart.o(.text)
    USART_SmartCardNACKCmd                   0x08003021   Thumb Code    24  stm32f10x_usart.o(.text)
    USART_HalfDuplexCmd                      0x08003039   Thumb Code    24  stm32f10x_usart.o(.text)
    USART_OverSampling8Cmd                   0x08003051   Thumb Code    22  stm32f10x_usart.o(.text)
    USART_OneBitMethodCmd                    0x08003067   Thumb Code    24  stm32f10x_usart.o(.text)
    USART_IrDAConfig                         0x0800307f   Thumb Code    18  stm32f10x_usart.o(.text)
    USART_IrDACmd                            0x08003091   Thumb Code    24  stm32f10x_usart.o(.text)
    USART_GetFlagStatus                      0x080030a9   Thumb Code    26  stm32f10x_usart.o(.text)
    USART_ClearFlag                          0x080030c3   Thumb Code    18  stm32f10x_usart.o(.text)
    USART_GetITStatus                        0x080030d5   Thumb Code    84  stm32f10x_usart.o(.text)
    USART_ClearITPendingBit                  0x08003129   Thumb Code    52  stm32f10x_usart.o(.text)
    Reset_Handler                            0x0800315d   Thumb Code     8  startup_stm32f10x_md.o(.text)
    ADC1_2_IRQHandler                        0x08003177   Thumb Code     0  startup_stm32f10x_md.o(.text)
    CAN1_RX1_IRQHandler                      0x08003177   Thumb Code     0  startup_stm32f10x_md.o(.text)
    CAN1_SCE_IRQHandler                      0x08003177   Thumb Code     0  startup_stm32f10x_md.o(.text)
    DMA1_Channel1_IRQHandler                 0x08003177   Thumb Code     0  startup_stm32f10x_md.o(.text)
    DMA1_Channel2_IRQHandler                 0x08003177   Thumb Code     0  startup_stm32f10x_md.o(.text)
    DMA1_Channel3_IRQHandler                 0x08003177   Thumb Code     0  startup_stm32f10x_md.o(.text)
    DMA1_Channel4_IRQHandler                 0x08003177   Thumb Code     0  startup_stm32f10x_md.o(.text)
    DMA1_Channel5_IRQHandler                 0x08003177   Thumb Code     0  startup_stm32f10x_md.o(.text)
    DMA1_Channel6_IRQHandler                 0x08003177   Thumb Code     0  startup_stm32f10x_md.o(.text)
    DMA1_Channel7_IRQHandler                 0x08003177   Thumb Code     0  startup_stm32f10x_md.o(.text)
    EXTI15_10_IRQHandler                     0x08003177   Thumb Code     0  startup_stm32f10x_md.o(.text)
    EXTI1_IRQHandler                         0x08003177   Thumb Code     0  startup_stm32f10x_md.o(.text)
    EXTI2_IRQHandler                         0x08003177   Thumb Code     0  startup_stm32f10x_md.o(.text)
    EXTI3_IRQHandler                         0x08003177   Thumb Code     0  startup_stm32f10x_md.o(.text)
    EXTI4_IRQHandler                         0x08003177   Thumb Code     0  startup_stm32f10x_md.o(.text)
    EXTI9_5_IRQHandler                       0x08003177   Thumb Code     0  startup_stm32f10x_md.o(.text)
    FLASH_IRQHandler                         0x08003177   Thumb Code     0  startup_stm32f10x_md.o(.text)
    I2C1_ER_IRQHandler                       0x08003177   Thumb Code     0  startup_stm32f10x_md.o(.text)
    I2C1_EV_IRQHandler                       0x08003177   Thumb Code     0  startup_stm32f10x_md.o(.text)
    I2C2_ER_IRQHandler                       0x08003177   Thumb Code     0  startup_stm32f10x_md.o(.text)
    I2C2_EV_IRQHandler                       0x08003177   Thumb Code     0  startup_stm32f10x_md.o(.text)
    PVD_IRQHandler                           0x08003177   Thumb Code     0  startup_stm32f10x_md.o(.text)
    RCC_IRQHandler                           0x08003177   Thumb Code     0  startup_stm32f10x_md.o(.text)
    RTCAlarm_IRQHandler                      0x08003177   Thumb Code     0  startup_stm32f10x_md.o(.text)
    RTC_IRQHandler                           0x08003177   Thumb Code     0  startup_stm32f10x_md.o(.text)
    SPI1_IRQHandler                          0x08003177   Thumb Code     0  startup_stm32f10x_md.o(.text)
    SPI2_IRQHandler                          0x08003177   Thumb Code     0  startup_stm32f10x_md.o(.text)
    TAMPER_IRQHandler                        0x08003177   Thumb Code     0  startup_stm32f10x_md.o(.text)
    TIM1_BRK_IRQHandler                      0x08003177   Thumb Code     0  startup_stm32f10x_md.o(.text)
    TIM1_CC_IRQHandler                       0x08003177   Thumb Code     0  startup_stm32f10x_md.o(.text)
    TIM1_TRG_COM_IRQHandler                  0x08003177   Thumb Code     0  startup_stm32f10x_md.o(.text)
    TIM1_UP_IRQHandler                       0x08003177   Thumb Code     0  startup_stm32f10x_md.o(.text)
    TIM2_IRQHandler                          0x08003177   Thumb Code     0  startup_stm32f10x_md.o(.text)
    TIM4_IRQHandler                          0x08003177   Thumb Code     0  startup_stm32f10x_md.o(.text)
    USBWakeUp_IRQHandler                     0x08003177   Thumb Code     0  startup_stm32f10x_md.o(.text)
    USB_HP_CAN1_TX_IRQHandler                0x08003177   Thumb Code     0  startup_stm32f10x_md.o(.text)
    USB_LP_CAN1_RX0_IRQHandler               0x08003177   Thumb Code     0  startup_stm32f10x_md.o(.text)
    WWDG_IRQHandler                          0x08003177   Thumb Code     0  startup_stm32f10x_md.o(.text)
    IIC_Start                                0x08003181   Thumb Code    36  oled.o(.text)
    IIC_Stop                                 0x080031a5   Thumb Code    28  oled.o(.text)
    IIC_Wait_Ack                             0x080031c1   Thumb Code    20  oled.o(.text)
    Write_IIC_Byte                           0x080031d5   Thumb Code    80  oled.o(.text)
    Write_IIC_Command                        0x08003225   Thumb Code    44  oled.o(.text)
    Write_IIC_Data                           0x08003251   Thumb Code    44  oled.o(.text)
    OLED_WR_Byte                             0x0800327d   Thumb Code    24  oled.o(.text)
    fill_picture                             0x08003295   Thumb Code    64  oled.o(.text)
    Delay_50ms                               0x080032d5   Thumb Code    22  oled.o(.text)
    Delay_1ms                                0x080032eb   Thumb Code    26  oled.o(.text)
    OLED_Set_Pos                             0x08003305   Thumb Code    40  oled.o(.text)
    OLED_Display_On                          0x0800332d   Thumb Code    28  oled.o(.text)
    OLED_Display_Off                         0x08003349   Thumb Code    28  oled.o(.text)
    OLED_Clear                               0x08003365   Thumb Code    62  oled.o(.text)
    OLED_On                                  0x080033a3   Thumb Code    62  oled.o(.text)
    OLED_ShowChar                            0x080033e1   Thumb Code   154  oled.o(.text)
    oled_pow                                 0x0800347b   Thumb Code    22  oled.o(.text)
    OLED_ShowNum                             0x08003491   Thumb Code   136  oled.o(.text)
    OLED_ShowString                          0x08003519   Thumb Code    58  oled.o(.text)
    OLED_ShowChinese                         0x08003553   Thumb Code   112  oled.o(.text)
    OLED_DrawBMP                             0x080035c3   Thumb Code   118  oled.o(.text)
    OLED_Init                                0x08003639   Thumb Code   270  oled.o(.text)
    LED_Init                                 0x08003751   Thumb Code    50  led.o(.text)
    BC20CTR_Init                             0x08003783   Thumb Code    38  led.o(.text)
    IWDG_Init                                0x080037b5   Thumb Code    36  wdg.o(.text)
    IWDG_Feed                                0x080037d9   Thumb Code     8  wdg.o(.text)
    TIM3_Int_Init                            0x080037e1   Thumb Code    90  timer.o(.text)
    TIM3_IRQHandler                          0x0800383b   Thumb Code    34  timer.o(.text)
    DHT11_Rst                                0x08003869   Thumb Code    52  dht11.o(.text)
    DHT11_Check                              0x0800389d   Thumb Code    96  dht11.o(.text)
    DHT11_Read_Bit                           0x080038fd   Thumb Code    76  dht11.o(.text)
    DHT11_Read_Byte                          0x08003949   Thumb Code    30  dht11.o(.text)
    DHT11_Read_Data                          0x08003967   Thumb Code    88  dht11.o(.text)
    DHT11_Init                               0x080039bf   Thumb Code    46  dht11.o(.text)
    printf_CSQ                               0x080039f9   Thumb Code    10  bc20.o(.text)
    printf_CLSTCP                            0x08003a03   Thumb Code    16  bc20.o(.text)
    printf_CPIN                              0x08003a13   Thumb Code    10  bc20.o(.text)
    printf_CGATT                             0x08003a1d   Thumb Code    16  bc20.o(.text)
    printf_GetCGATT                          0x08003a2d   Thumb Code    10  bc20.o(.text)
    printf_CreSocket                         0x08003a37   Thumb Code    10  bc20.o(.text)
    printf_ConTCP                            0x08003a41   Thumb Code    40  bc20.o(.text)
    printf_Sendata                           0x08003a69   Thumb Code    18  bc20.o(.text)
    printf_MQTTCon                           0x08003a7b   Thumb Code    12  bc20.o(.text)
    printf_MQTTPub                           0x08003a87   Thumb Code    18  bc20.o(.text)
    printf_MQTTSub                           0x08003a99   Thumb Code    14  bc20.o(.text)
    Getdata_Change                           0x08003aa7   Thumb Code   630  bc20.o(.text)
    EXTI_Config                              0x08003e19   Thumb Code   104  exti.o(.text)
    EXTI0_IRQHandler                         0x08003e81   Thumb Code    22  exti.o(.text)
    delay_init                               0x08003ea1   Thumb Code    50  delay.o(.text)
    delay_us                                 0x08003ed3   Thumb Code    72  delay.o(.text)
    delay_ms                                 0x08003f1b   Thumb Code    72  delay.o(.text)
    _sys_exit                                0x08003f75   Thumb Code     4  usart.o(.text)
    fputc                                    0x08003f79   Thumb Code    24  usart.o(.text)
    uart_init                                0x08003f91   Thumb Code   158  usart.o(.text)
    uart2_init                               0x0800402f   Thumb Code   160  usart.o(.text)
    uart3_init                               0x080040cf   Thumb Code   164  usart.o(.text)
    USART3_DMAInit                           0x08004173   Thumb Code    96  usart.o(.text)
    USART2_DMAInit                           0x080041d3   Thumb Code   100  usart.o(.text)
    usart1_sendstr                           0x08004237   Thumb Code    34  usart.o(.text)
    usart1_sendhex                           0x08004259   Thumb Code    40  usart.o(.text)
    USART1_IRQHandler                        0x08004281   Thumb Code    24  usart.o(.text)
    USART2_IRQHandler                        0x08004299   Thumb Code    40  usart.o(.text)
    USART3_IRQHandler                        0x080042c1   Thumb Code    54  usart.o(.text)
    USART3_RecieveData                       0x080042f7   Thumb Code    60  usart.o(.text)
    USART2_RecieveData                       0x08004333   Thumb Code   106  usart.o(.text)
    Mqtt_SendGPSdata                         0x0800439d   Thumb Code   160  mqtt_fun.o(.text)
    Mqtt_SendRecvdata                        0x0800443d   Thumb Code    52  mqtt_fun.o(.text)
    __aeabi_memcpy                           0x080044a1   Thumb Code    36  memcpya.o(.text)
    __aeabi_memcpy4                          0x080044a1   Thumb Code     0  memcpya.o(.text)
    __aeabi_memcpy8                          0x080044a1   Thumb Code     0  memcpya.o(.text)
    __aeabi_memset                           0x080044c5   Thumb Code    14  memseta.o(.text)
    __aeabi_memset4                          0x080044c5   Thumb Code     0  memseta.o(.text)
    __aeabi_memset8                          0x080044c5   Thumb Code     0  memseta.o(.text)
    __aeabi_memclr                           0x080044d3   Thumb Code     4  memseta.o(.text)
    __aeabi_memclr4                          0x080044d3   Thumb Code     0  memseta.o(.text)
    __aeabi_memclr8                          0x080044d3   Thumb Code     0  memseta.o(.text)
    _memset$wrapper                          0x080044d7   Thumb Code    18  memseta.o(.text)
    strcat                                   0x080044e9   Thumb Code    24  strcat.o(.text)
    strstr                                   0x08004501   Thumb Code    36  strstr.o(.text)
    strlen                                   0x08004525   Thumb Code    14  strlen.o(.text)
    strcpy                                   0x08004533   Thumb Code    18  strcpy.o(.text)
    strtok                                   0x08004545   Thumb Code    62  strtok.o(.text)
    __aeabi_fadd                             0x08004589   Thumb Code   164  fadd.o(.text)
    __aeabi_fsub                             0x0800462d   Thumb Code     6  fadd.o(.text)
    __aeabi_frsub                            0x08004633   Thumb Code     6  fadd.o(.text)
    __aeabi_fmul                             0x08004639   Thumb Code   100  fmul.o(.text)
    __aeabi_fdiv                             0x0800469d   Thumb Code   124  fdiv.o(.text)
    __aeabi_dadd                             0x08004719   Thumb Code   322  dadd.o(.text)
    __aeabi_dsub                             0x0800485b   Thumb Code     6  dadd.o(.text)
    __aeabi_drsub                            0x08004861   Thumb Code     6  dadd.o(.text)
    __aeabi_ddiv                             0x08004867   Thumb Code   222  ddiv.o(.text)
    __aeabi_i2f                              0x08004945   Thumb Code    18  fflti.o(.text)
    __aeabi_ui2f                             0x08004957   Thumb Code    10  ffltui.o(.text)
    __aeabi_i2d                              0x08004961   Thumb Code    34  dflti.o(.text)
    __aeabi_f2uiz                            0x08004983   Thumb Code    40  ffixui.o(.text)
    __aeabi_f2d                              0x080049ab   Thumb Code    38  f2d.o(.text)
    __aeabi_d2f                              0x080049d1   Thumb Code    56  d2f.o(.text)
    __aeabi_uldivmod                         0x08004a09   Thumb Code    98  uldiv.o(.text)
    __aeabi_llsl                             0x08004a6b   Thumb Code    30  llshl.o(.text)
    _ll_shift_l                              0x08004a6b   Thumb Code     0  llshl.o(.text)
    __aeabi_lasr                             0x08004a89   Thumb Code    36  llsshr.o(.text)
    _ll_sshift_r                             0x08004a89   Thumb Code     0  llsshr.o(.text)
    __I$use$fp                               0x08004aad   Thumb Code     0  iusefp.o(.text)
    _float_round                             0x08004aad   Thumb Code    18  fepilogue.o(.text)
    _float_epilogue                          0x08004abf   Thumb Code    92  fepilogue.o(.text)
    _double_round                            0x08004b1b   Thumb Code    30  depilogue.o(.text)
    _double_epilogue                         0x08004b39   Thumb Code   156  depilogue.o(.text)
    __scatterload                            0x08004bd5   Thumb Code    28  init.o(.text)
    __scatterload_rt2                        0x08004bd5   Thumb Code     0  init.o(.text)
    __aeabi_llsr                             0x08004bf9   Thumb Code    32  llushr.o(.text)
    _ll_ushift_r                             0x08004bf9   Thumb Code     0  llushr.o(.text)
    __decompress                             0x08004c19   Thumb Code     0  __dczerorl2.o(.text)
    __decompress1                            0x08004c19   Thumb Code    86  __dczerorl2.o(.text)
    SCOM_CheckTagList                        0x08004c6f   Thumb Code   136  sccom.o(i.SCOM_CheckTagList)
    SCOM_GetTagLen                           0x08004cf7   Thumb Code    34  sccom.o(i.SCOM_GetTagLen)
    SCOM_Init                                0x08004d19   Thumb Code    64  sccom.o(i.SCOM_Init)
    SCOM_RecieveAT                           0x08004d59   Thumb Code   244  sccom.o(i.SCOM_RecieveAT)
    SCOM_SearchTag                           0x08004e4d   Thumb Code    80  sccom.o(i.SCOM_SearchTag)
    SCOM_SetTable                            0x08004e9d   Thumb Code    26  sccom.o(i.SCOM_SetTable)
    __0printf$8                              0x08004eb9   Thumb Code    22  printf8.o(i.__0printf$8)
    __1printf$8                              0x08004eb9   Thumb Code     0  printf8.o(i.__0printf$8)
    __2printf                                0x08004eb9   Thumb Code     0  printf8.o(i.__0printf$8)
    __0sprintf$8                             0x08004ed9   Thumb Code    34  printf8.o(i.__0sprintf$8)
    __1sprintf$8                             0x08004ed9   Thumb Code     0  printf8.o(i.__0sprintf$8)
    __2sprintf                               0x08004ed9   Thumb Code     0  printf8.o(i.__0sprintf$8)
    __scatterload_copy                       0x08004f01   Thumb Code    14  handlers.o(i.__scatterload_copy)
    __scatterload_null                       0x08004f0f   Thumb Code     2  handlers.o(i.__scatterload_null)
    __scatterload_zeroinit                   0x08004f11   Thumb Code    14  handlers.o(i.__scatterload_zeroinit)
    ATCMD_Table                              0x0800538c   Data         113  main.o(.constdata)
    F6x8                                     0x080053fd   Data         552  oled.o(.constdata)
    F8X16                                    0x08005625   Data        1520  oled.o(.constdata)
    Region$$Table$$Base                      0x08005c38   Number         0  anon$$obj.o(Region$$Table)
    Region$$Table$$Limit                     0x08005c58   Number         0  anon$$obj.o(Region$$Table)
    P1msReq                                  0x20000000   Data           1  main.o(.data)
    strx                                     0x20000004   Data           4  main.o(.data)
    Readystrx                                0x20000008   Data           4  main.o(.data)
    Errstrx                                  0x2000000c   Data           4  main.o(.data)
    sendok                                   0x20000010   Data           1  main.o(.data)
    tcprec                                   0x20000011   Data           1  main.o(.data)
    PUBTOPIC                                 0x20000014   Data           4  main.o(.data)
    SUBTOPIC                                 0x20000018   Data           4  main.o(.data)
    temp                                     0x2000001c   Data           1  main.o(.data)
    humi                                     0x2000001d   Data           1  main.o(.data)
    SystemCoreClock                          0x20000020   Data           4  system_stm32f10x.o(.data)
    AHBPrescTable                            0x20000024   Data          16  system_stm32f10x.o(.data)
    data                                     0x20000034   Data           4  callback.o(.data)
    stationID                                0x20000038   Data          50  callback.o(.data)
    userCount                                0x2000006a   Data          50  callback.o(.data)
    point                                    0x2000009c   Data           4  callback.o(.data)
    bufferData                               0x200000a0   Data           4  callback.o(.data)
    delims                                   0x200000a4   Data           4  callback.o(.data)
    Hzk                                      0x200000bc   Data         640  oled.o(.data)
    DHT11_DATA                               0x2000033c   Data           3  dht11.o(.data)
    EXTIstatus                               0x2000033f   Data           1  exti.o(.data)
    uart2_getok                              0x20000344   Data           1  usart.o(.data)
    RxCounter2                               0x20000345   Data           1  usart.o(.data)
    __stdout                                 0x20000348   Data           4  usart.o(.data)
    RxCounter                                0x2000034c   Data           1  usart.o(.data)
    USART_RX_STA                             0x2000034e   Data           2  usart.o(.data)
    mqtt_data                                0x20000354   Data        1211  main.o(.bss)
    BC20init                                 0x20000810   Data         152  main.o(.bss)
    LongLatidata                             0x200008a8   Data          48  main.o(.bss)
    m_com                                    0x200008d8   Data         796  main.o(.bss)
    LongLatistr                              0x20000bf4   Data          50  main.o(.bss)
    timebuf                                  0x20000c26   Data         200  callback.o(.bss)
    recsubdata                               0x20000cee   Data         100  callback.o(.bss)
    station                                  0x20000d52   Data          50  callback.o(.bss)
    RxBufferDMA                              0x20000d84   Data         200  usart.o(.bss)
    RxBufferDMA2                             0x20000e4c   Data         200  usart.o(.bss)
    RxBuffer2                                0x20000f14   Data         100  usart.o(.bss)
    RxBuffer                                 0x20000f78   Data         200  usart.o(.bss)
    __initial_sp                             0x20001440   Data           0  startup_stm32f10x_md.o(STACK)



==============================================================================

Memory Map of the image

  Image Entry point : 0x080000ed

  Load Region LR_IROM1 (Base: 0x08000000, Size: 0x00005fac, Max: 0x00010000, ABSOLUTE, COMPRESSED[0x00005db4])

    Execution Region ER_IROM1 (Base: 0x08000000, Size: 0x00005c58, Max: 0x00010000, ABSOLUTE)

    Base Addr    Size         Type   Attr      Idx    E Section Name        Object

    0x08000000   0x000000ec   Data   RO          524    RESET               startup_stm32f10x_md.o
    0x080000ec   0x00000000   Code   RO          766  * .ARM.Collect$$$$00000000  mc_w.l(entry.o)
    0x080000ec   0x00000004   Code   RO         1072    .ARM.Collect$$$$00000001  mc_w.l(entry2.o)
    0x080000f0   0x00000004   Code   RO         1075    .ARM.Collect$$$$00000004  mc_w.l(entry5.o)
    0x080000f4   0x00000000   Code   RO         1077    .ARM.Collect$$$$00000008  mc_w.l(entry7b.o)
    0x080000f4   0x00000000   Code   RO         1079    .ARM.Collect$$$$0000000A  mc_w.l(entry8b.o)
    0x080000f4   0x00000008   Code   RO         1080    .ARM.Collect$$$$0000000B  mc_w.l(entry9a.o)
    0x080000fc   0x00000000   Code   RO         1082    .ARM.Collect$$$$0000000D  mc_w.l(entry10a.o)
    0x080000fc   0x00000000   Code   RO         1084    .ARM.Collect$$$$0000000F  mc_w.l(entry11a.o)
    0x080000fc   0x00000004   Code   RO         1073    .ARM.Collect$$$$00002712  mc_w.l(entry2.o)
    0x08000100   0x000007e4   Code   RO            1    .text               main.o
    0x080008e4   0x0000001a   Code   RO          114    .text               stm32f10x_it.o
    0x080008fe   0x00000002   PAD
    0x08000900   0x0000024c   Code   RO          149    .text               system_stm32f10x.o
    0x08000b4c   0x000002a4   Code   RO          167    .text               callback.o
    0x08000df0   0x000000dc   Code   RO          185    .text               misc.o
    0x08000ecc   0x00000254   Code   RO          299    .text               stm32f10x_dma.o
    0x08001120   0x0000011c   Code   RO          314    .text               stm32f10x_exti.o
    0x0800123c   0x000005bc   Code   RO          329    .text               stm32f10x_flash.o
    0x080017f8   0x0000035c   Code   RO          353    .text               stm32f10x_gpio.o
    0x08001b54   0x00000040   Code   RO          380    .text               stm32f10x_iwdg.o
    0x08001b94   0x000003a4   Code   RO          410    .text               stm32f10x_rcc.o
    0x08001f38   0x00000e1a   Code   RO          469    .text               stm32f10x_tim.o
    0x08002d52   0x00000002   PAD
    0x08002d54   0x00000408   Code   RO          484    .text               stm32f10x_usart.o
    0x0800315c   0x00000024   Code   RO          525    .text               startup_stm32f10x_md.o
    0x08003180   0x000005d0   Code   RO          529    .text               oled.o
    0x08003750   0x00000064   Code   RO          551    .text               led.o
    0x080037b4   0x0000002c   Code   RO          563    .text               wdg.o
    0x080037e0   0x00000088   Code   RO          575    .text               timer.o
    0x08003868   0x00000190   Code   RO          588    .text               dht11.o
    0x080039f8   0x00000420   Code   RO          606    .text               bc20.o
    0x08003e18   0x00000088   Code   RO          622    .text               exti.o
    0x08003ea0   0x000000d4   Code   RO          637    .text               delay.o
    0x08003f74   0x00000428   Code   RO          651    .text               usart.o
    0x0800439c   0x00000104   Code   RO          683    .text               mqtt_fun.o
    0x080044a0   0x00000024   Code   RO          769    .text               mc_w.l(memcpya.o)
    0x080044c4   0x00000024   Code   RO          771    .text               mc_w.l(memseta.o)
    0x080044e8   0x00000018   Code   RO          773    .text               mc_w.l(strcat.o)
    0x08004500   0x00000024   Code   RO          775    .text               mc_w.l(strstr.o)
    0x08004524   0x0000000e   Code   RO          777    .text               mc_w.l(strlen.o)
    0x08004532   0x00000012   Code   RO          779    .text               mc_w.l(strcpy.o)
    0x08004544   0x00000044   Code   RO          781    .text               mc_w.l(strtok.o)
    0x08004588   0x000000b0   Code   RO         1050    .text               mf_w.l(fadd.o)
    0x08004638   0x00000064   Code   RO         1052    .text               mf_w.l(fmul.o)
    0x0800469c   0x0000007c   Code   RO         1054    .text               mf_w.l(fdiv.o)
    0x08004718   0x0000014e   Code   RO         1056    .text               mf_w.l(dadd.o)
    0x08004866   0x000000de   Code   RO         1058    .text               mf_w.l(ddiv.o)
    0x08004944   0x00000012   Code   RO         1060    .text               mf_w.l(fflti.o)
    0x08004956   0x0000000a   Code   RO         1062    .text               mf_w.l(ffltui.o)
    0x08004960   0x00000022   Code   RO         1064    .text               mf_w.l(dflti.o)
    0x08004982   0x00000028   Code   RO         1066    .text               mf_w.l(ffixui.o)
    0x080049aa   0x00000026   Code   RO         1068    .text               mf_w.l(f2d.o)
    0x080049d0   0x00000038   Code   RO         1070    .text               mf_w.l(d2f.o)
    0x08004a08   0x00000062   Code   RO         1088    .text               mc_w.l(uldiv.o)
    0x08004a6a   0x0000001e   Code   RO         1090    .text               mc_w.l(llshl.o)
    0x08004a88   0x00000024   Code   RO         1092    .text               mc_w.l(llsshr.o)
    0x08004aac   0x00000000   Code   RO         1094    .text               mc_w.l(iusefp.o)
    0x08004aac   0x0000006e   Code   RO         1095    .text               mf_w.l(fepilogue.o)
    0x08004b1a   0x000000ba   Code   RO         1097    .text               mf_w.l(depilogue.o)
    0x08004bd4   0x00000024   Code   RO         1105    .text               mc_w.l(init.o)
    0x08004bf8   0x00000020   Code   RO         1107    .text               mc_w.l(llushr.o)
    0x08004c18   0x00000056   Code   RO         1117    .text               mc_w.l(__dczerorl2.o)
    0x08004c6e   0x00000088   Code   RO          696    i.SCOM_CheckTagList  ScCom.lib(sccom.o)
    0x08004cf6   0x00000022   Code   RO          697    i.SCOM_GetTagLen    ScCom.lib(sccom.o)
    0x08004d18   0x00000040   Code   RO          698    i.SCOM_Init         ScCom.lib(sccom.o)
    0x08004d58   0x000000f4   Code   RO          701    i.SCOM_RecieveAT    ScCom.lib(sccom.o)
    0x08004e4c   0x00000050   Code   RO          702    i.SCOM_SearchTag    ScCom.lib(sccom.o)
    0x08004e9c   0x0000001a   Code   RO          703    i.SCOM_SetTable     ScCom.lib(sccom.o)
    0x08004eb6   0x00000002   PAD
    0x08004eb8   0x00000020   Code   RO          996    i.__0printf$8       mc_w.l(printf8.o)
    0x08004ed8   0x00000028   Code   RO          998    i.__0sprintf$8      mc_w.l(printf8.o)
    0x08004f00   0x0000000e   Code   RO         1111    i.__scatterload_copy  mc_w.l(handlers.o)
    0x08004f0e   0x00000002   Code   RO         1112    i.__scatterload_null  mc_w.l(handlers.o)
    0x08004f10   0x0000000e   Code   RO         1113    i.__scatterload_zeroinit  mc_w.l(handlers.o)
    0x08004f1e   0x00000002   PAD
    0x08004f20   0x00000410   Code   RO         1003    i._printf_core      mc_w.l(printf8.o)
    0x08005330   0x00000024   Code   RO         1004    i._printf_post_padding  mc_w.l(printf8.o)
    0x08005354   0x0000002e   Code   RO         1005    i._printf_pre_padding  mc_w.l(printf8.o)
    0x08005382   0x0000000a   Code   RO         1007    i._sputc            mc_w.l(printf8.o)
    0x0800538c   0x00000071   Data   RO            3    .constdata          main.o
    0x080053fd   0x00000818   Data   RO          530    .constdata          oled.o
    0x08005c15   0x00000003   PAD
    0x08005c18   0x0000001c   Data   RO            4    .conststring        main.o
    0x08005c34   0x00000004   Data   RO          169    .conststring        callback.o
    0x08005c38   0x00000020   Data   RO         1109    Region$$Table       anon$$obj.o


    Execution Region RW_IRAM1 (Base: 0x20000000, Size: 0x00001440, Max: 0x00005000, ABSOLUTE, COMPRESSED[0x0000015c])

    Base Addr    Size         Type   Attr      Idx    E Section Name        Object

    0x20000000   0x0000001f   Data   RW            5    .data               main.o
    0x2000001f   0x00000001   PAD
    0x20000020   0x00000014   Data   RW          150    .data               system_stm32f10x.o
    0x20000034   0x00000074   Data   RW          170    .data               callback.o
    0x200000a8   0x00000014   Data   RW          411    .data               stm32f10x_rcc.o
    0x200000bc   0x00000280   Data   RW          531    .data               oled.o
    0x2000033c   0x00000003   Data   RW          589    .data               dht11.o
    0x2000033f   0x00000001   Data   RW          623    .data               exti.o
    0x20000340   0x00000004   Data   RW          638    .data               delay.o
    0x20000344   0x0000000c   Data   RW          653    .data               usart.o
    0x20000350   0x00000004   Data   RW          782    .data               mc_w.l(strtok.o)
    0x20000354   0x000008d2   Zero   RW            2    .bss                main.o
    0x20000c26   0x0000015e   Zero   RW          168    .bss                callback.o
    0x20000d84   0x000002bc   Zero   RW          652    .bss                usart.o
    0x20001040   0x00000400   Zero   RW          522    STACK               startup_stm32f10x_md.o


==============================================================================

Image component sizes


      Code (inc. data)   RO Data    RW Data    ZI Data      Debug   Object Name

      1056        252          0          0          0       2949   bc20.o
       676        210          4        116        350       2583   callback.o
         0          0          0          0          0         32   core_cm3.o
       212         18          0          4          0        983   delay.o
       400         12          0          3          0       2815   dht11.o
       136         10          0          1          0        924   exti.o
       100         12          0          0          0        636   led.o
      2020        468        141         31       2258     244220   main.o
       220         22          0          0          0       1769   misc.o
       260         48          0          0          0       1577   mqtt_fun.o
      1488         24       2072        640          0       6431   oled.o
        36          8        236          0       1024        780   startup_stm32f10x_md.o
       596          8          0          0          0      14118   stm32f10x_dma.o
       284         10          0          0          0       4359   stm32f10x_exti.o
      1468         34          0          0          0       8002   stm32f10x_flash.o
       860         38          0          0          0       5613   stm32f10x_gpio.o
        26          0          0          0          0       1166   stm32f10x_it.o
        64          6          0          0          0       1249   stm32f10x_iwdg.o
       932         36          0         20          0       8768   stm32f10x_rcc.o
      3610         88          0          0          0      42432   stm32f10x_tim.o
      1032         22          0          0          0       8340   stm32f10x_usart.o
       588         36          0         20          0       1949   system_stm32f10x.o
       136         12          0          0          0        756   timer.o
      1064         42          0         12        700       5882   usart.o
        44          0          0          0          0        626   wdg.o

    ----------------------------------------------------------------------
     17312       1416       2488        848       4332     368959   Object Totals
         0          0         32          0          0          0   (incl. Generated)
         4          0          3          1          0          0   (incl. Padding)

    ----------------------------------------------------------------------

      Code (inc. data)   RO Data    RW Data    ZI Data      Debug   Library Member Name

       584          0          0          0          0       5271   sccom.o
        86          0          0          0          0          0   __dczerorl2.o
         0          0          0          0          0          0   entry.o
         0          0          0          0          0          0   entry10a.o
         0          0          0          0          0          0   entry11a.o
         8          4          0          0          0          0   entry2.o
         4          0          0          0          0          0   entry5.o
         0          0          0          0          0          0   entry7b.o
         0          0          0          0          0          0   entry8b.o
         8          4          0          0          0          0   entry9a.o
        30          0          0          0          0          0   handlers.o
        36          8          0          0          0         68   init.o
         0          0          0          0          0          0   iusefp.o
        30          0          0          0          0         68   llshl.o
        36          0          0          0          0         68   llsshr.o
        32          0          0          0          0         68   llushr.o
        36          0          0          0          0         68   memcpya.o
        36          0          0          0          0        108   memseta.o
      1204         60          0          0          0        504   printf8.o
        24          0          0          0          0         68   strcat.o
        18          0          0          0          0         68   strcpy.o
        14          0          0          0          0         68   strlen.o
        36          0          0          0          0         80   strstr.o
        68          6          0          4          0         80   strtok.o
        98          0          0          0          0         92   uldiv.o
        56          0          0          0          0         88   d2f.o
       334          0          0          0          0        148   dadd.o
       222          0          0          0          0        100   ddiv.o
       186          0          0          0          0        176   depilogue.o
        34          0          0          0          0         76   dflti.o
        38          0          0          0          0         68   f2d.o
       176          0          0          0          0        140   fadd.o
       124          0          0          0          0         88   fdiv.o
       110          0          0          0          0        168   fepilogue.o
        40          0          0          0          0         68   ffixui.o
        18          0          0          0          0         68   fflti.o
        10          0          0          0          0         68   ffltui.o
       100          0          0          0          0         76   fmul.o

    ----------------------------------------------------------------------
      3840         82          0          4          0       8011   Library Totals
         4          0          0          0          0          0   (incl. Padding)

    ----------------------------------------------------------------------

      Code (inc. data)   RO Data    RW Data    ZI Data      Debug   Library Name

       584          0          0          0          0       5271   ScCom.lib
      1804         82          0          4          0       1408   mc_w.l
      1448          0          0          0          0       1332   mf_w.l

    ----------------------------------------------------------------------
      3840         82          0          4          0       8011   Library Totals

    ----------------------------------------------------------------------

==============================================================================


      Code (inc. data)   RO Data    RW Data    ZI Data      Debug   

     21152       1498       2488        852       4332     373302   Grand Totals
     21152       1498       2488        348       4332     373302   ELF Image Totals (compressed)
     21152       1498       2488        348          0          0   ROM Totals

==============================================================================

    Total RO  Size (Code + RO Data)                23640 (  23.09kB)
    Total RW  Size (RW Data + ZI Data)              5184 (   5.06kB)
    Total ROM Size (Code + RO Data + RW Data)      23988 (  23.43kB)

==============================================================================

